Archive member included to satisfy reference by file (symbol)

c:/program files (x86)/gnu tools arm embedded/7 2017-q4-major/bin/../lib/gcc/arm-none-eabi/7.2.1/thumb/v6-m\libgcc.a(_thumb1_case_uqi.o)
                              build/SWITCHBOOT_FEATHER/hid.o (__gnu_thumb1_case_uqi)
c:/program files (x86)/gnu tools arm embedded/7 2017-q4-major/bin/../lib/gcc/arm-none-eabi/7.2.1/../../../../arm-none-eabi/lib/thumb/v6-m\libg_nano.a(lib_a-memcpy-stub.o)
                              build/SWITCHBOOT_FEATHER/cdc_enumerate.o (memcpy)
c:/program files (x86)/gnu tools arm embedded/7 2017-q4-major/bin/../lib/gcc/arm-none-eabi/7.2.1/../../../../arm-none-eabi/lib/thumb/v6-m\libg_nano.a(lib_a-memset.o)
                              build/SWITCHBOOT_FEATHER/cdc_enumerate.o (memset)
c:/program files (x86)/gnu tools arm embedded/7 2017-q4-major/bin/../lib/gcc/arm-none-eabi/7.2.1/../../../../arm-none-eabi/lib/thumb/v6-m\libg_nano.a(lib_a-strlen.o)
                              build/SWITCHBOOT_FEATHER/cdc_enumerate.o (strlen)

Allocating common symbols
Common symbol       size              file

b_sharp_received    0x1               build/SWITCHBOOT_FEATHER/usart_sam_ba.o
timerHigh           0x4               build/SWITCHBOOT_FEATHER/utils.o
j                   0x1               build/SWITCHBOOT_FEATHER/sam_ba_monitor.o
idx_rx_write        0x1               build/SWITCHBOOT_FEATHER/usart_sam_ba.o
size_of_data        0x2               build/SWITCHBOOT_FEATHER/usart_sam_ba.o
ctrlOutCache        0x44              build/SWITCHBOOT_FEATHER/cdc_enumerate.o
length              0x4               build/SWITCHBOOT_FEATHER/sam_ba_monitor.o
ptr                 0x4               build/SWITCHBOOT_FEATHER/sam_ba_monitor.o
command             0x1               build/SWITCHBOOT_FEATHER/sam_ba_monitor.o
resetHorizon        0x4               build/SWITCHBOOT_FEATHER/utils.o
idx_tx_read         0x1               build/SWITCHBOOT_FEATHER/usart_sam_ba.o
i                   0x4               build/SWITCHBOOT_FEATHER/sam_ba_monitor.o
buffer_tx_usart     0x80              build/SWITCHBOOT_FEATHER/usart_sam_ba.o
error_timeout       0x1               build/SWITCHBOOT_FEATHER/usart_sam_ba.o
usb_endpoint_table  0x100             build/SWITCHBOOT_FEATHER/cdc_enumerate.o
data                0x41              build/SWITCHBOOT_FEATHER/sam_ba_monitor.o
mode_of_transfer    0x1               build/SWITCHBOOT_FEATHER/usart_sam_ba.o
ptr_data            0x4               build/SWITCHBOOT_FEATHER/sam_ba_monitor.o
idx_rx_read         0x1               build/SWITCHBOOT_FEATHER/usart_sam_ba.o
sp                  0x4               build/SWITCHBOOT_FEATHER/sam_ba_monitor.o
current_number      0x4               build/SWITCHBOOT_FEATHER/sam_ba_monitor.o
idx_tx_write        0x1               build/SWITCHBOOT_FEATHER/usart_sam_ba.o
endpointCache       0x220             build/SWITCHBOOT_FEATHER/cdc_enumerate.o
u32tmp              0x4               build/SWITCHBOOT_FEATHER/sam_ba_monitor.o
buffer_rx_usart     0x80              build/SWITCHBOOT_FEATHER/usart_sam_ba.o

Discarded input sections

 .text          0x00000000        0x0 build/SWITCHBOOT_FEATHER/flash_samd21.o
 .data          0x00000000        0x0 build/SWITCHBOOT_FEATHER/flash_samd21.o
 .bss           0x00000000        0x0 build/SWITCHBOOT_FEATHER/flash_samd21.o
 .text.flash_write
                0x00000000       0x9c build/SWITCHBOOT_FEATHER/flash_samd21.o
 .text          0x00000000        0x0 build/SWITCHBOOT_FEATHER/init_samd21.o
 .data          0x00000000        0x0 build/SWITCHBOOT_FEATHER/init_samd21.o
 .bss           0x00000000        0x0 build/SWITCHBOOT_FEATHER/init_samd21.o
 .data.g_interrupt_enabled
                0x00000000        0x1 build/SWITCHBOOT_FEATHER/init_samd21.o
 .text          0x00000000        0x0 build/SWITCHBOOT_FEATHER/startup_samd21.o
 .data          0x00000000        0x0 build/SWITCHBOOT_FEATHER/startup_samd21.o
 .bss           0x00000000        0x0 build/SWITCHBOOT_FEATHER/startup_samd21.o
 .text          0x00000000        0x0 build/SWITCHBOOT_FEATHER/usart_sam_ba.o
 .data          0x00000000        0x0 build/SWITCHBOOT_FEATHER/usart_sam_ba.o
 .bss           0x00000000        0x0 build/SWITCHBOOT_FEATHER/usart_sam_ba.o
 .text.usart_open
                0x00000000       0xbc build/SWITCHBOOT_FEATHER/usart_sam_ba.o
 .text.usart_close
                0x00000000       0x10 build/SWITCHBOOT_FEATHER/usart_sam_ba.o
 .text.usart_putc
                0x00000000       0x14 build/SWITCHBOOT_FEATHER/usart_sam_ba.o
 .text.usart_is_rx_ready
                0x00000000       0x10 build/SWITCHBOOT_FEATHER/usart_sam_ba.o
 .text.usart_getc
                0x00000000       0x18 build/SWITCHBOOT_FEATHER/usart_sam_ba.o
 .text.usart_sharp_received
                0x00000000       0x1a build/SWITCHBOOT_FEATHER/usart_sam_ba.o
 .text.usart_readc
                0x00000000       0x20 build/SWITCHBOOT_FEATHER/usart_sam_ba.o
 .text.usart_putdata
                0x00000000       0x1a build/SWITCHBOOT_FEATHER/usart_sam_ba.o
 .text.usart_getdata
                0x00000000        0xe build/SWITCHBOOT_FEATHER/usart_sam_ba.o
 .text.getbytes
                0x00000000       0x64 build/SWITCHBOOT_FEATHER/usart_sam_ba.o
 .text.getPacket
                0x00000000       0x70 build/SWITCHBOOT_FEATHER/usart_sam_ba.o
 .text.usart_putdata_xmd
                0x00000000      0x10c build/SWITCHBOOT_FEATHER/usart_sam_ba.o
 .text.usart_getdata_xmd
                0x00000000       0xa4 build/SWITCHBOOT_FEATHER/usart_sam_ba.o
 COMMON         0x00000000      0x109 build/SWITCHBOOT_FEATHER/usart_sam_ba.o
 .text          0x00000000        0x0 build/SWITCHBOOT_FEATHER/utils.o
 .data          0x00000000        0x0 build/SWITCHBOOT_FEATHER/utils.o
 .bss           0x00000000        0x0 build/SWITCHBOOT_FEATHER/utils.o
 .text.panic    0x00000000        0x2 build/SWITCHBOOT_FEATHER/utils.o
 .text          0x00000000        0x0 build/SWITCHBOOT_FEATHER/cdc_enumerate.o
 .data          0x00000000        0x0 build/SWITCHBOOT_FEATHER/cdc_enumerate.o
 .bss           0x00000000        0x0 build/SWITCHBOOT_FEATHER/cdc_enumerate.o
 .text.reset_ep
                0x00000000       0x24 build/SWITCHBOOT_FEATHER/cdc_enumerate.o
 .text.stall_ep
                0x00000000       0x20 build/SWITCHBOOT_FEATHER/cdc_enumerate.o
 .text.cdc_is_rx_ready
                0x00000000       0x20 build/SWITCHBOOT_FEATHER/cdc_enumerate.o
 .text          0x00000000        0x0 build/SWITCHBOOT_FEATHER/fat.o
 .data          0x00000000        0x0 build/SWITCHBOOT_FEATHER/fat.o
 .bss           0x00000000        0x0 build/SWITCHBOOT_FEATHER/fat.o
 .text          0x00000000        0x0 build/SWITCHBOOT_FEATHER/main.o
 .data          0x00000000        0x0 build/SWITCHBOOT_FEATHER/main.o
 .bss           0x00000000        0x0 build/SWITCHBOOT_FEATHER/main.o
 .text          0x00000000        0x0 build/SWITCHBOOT_FEATHER/msc.o
 .data          0x00000000        0x0 build/SWITCHBOOT_FEATHER/msc.o
 .bss           0x00000000        0x0 build/SWITCHBOOT_FEATHER/msc.o
 .text.msc_reset
                0x00000000       0x1c build/SWITCHBOOT_FEATHER/msc.o
 .text.udd_ep_set_halt
                0x00000000       0x10 build/SWITCHBOOT_FEATHER/msc.o
 .bss.mscReset  0x00000000        0x1 build/SWITCHBOOT_FEATHER/msc.o
 .text          0x00000000        0x0 build/SWITCHBOOT_FEATHER/sam_ba_monitor.o
 .data          0x00000000        0x0 build/SWITCHBOOT_FEATHER/sam_ba_monitor.o
 .bss           0x00000000        0x0 build/SWITCHBOOT_FEATHER/sam_ba_monitor.o
 .text.sam_ba_monitor_init
                0x00000000        0x2 build/SWITCHBOOT_FEATHER/sam_ba_monitor.o
 .text.sam_ba_putdata_term
                0x00000000        0x8 build/SWITCHBOOT_FEATHER/sam_ba_monitor.o
 .text          0x00000000        0x0 build/SWITCHBOOT_FEATHER/uart_driver.o
 .data          0x00000000        0x0 build/SWITCHBOOT_FEATHER/uart_driver.o
 .bss           0x00000000        0x0 build/SWITCHBOOT_FEATHER/uart_driver.o
 .text.uart_get_sercom_index
                0x00000000       0x30 build/SWITCHBOOT_FEATHER/uart_driver.o
 .text.uart_basic_init
                0x00000000       0x58 build/SWITCHBOOT_FEATHER/uart_driver.o
 .text.uart_disable
                0x00000000       0x10 build/SWITCHBOOT_FEATHER/uart_driver.o
 .text.uart_write_byte
                0x00000000        0xc build/SWITCHBOOT_FEATHER/uart_driver.o
 .text.uart_read_byte
                0x00000000       0x28 build/SWITCHBOOT_FEATHER/uart_driver.o
 .text.uart_write_buffer_polled
                0x00000000       0x20 build/SWITCHBOOT_FEATHER/uart_driver.o
 .text.uart_read_buffer_polled
                0x00000000       0x3c build/SWITCHBOOT_FEATHER/uart_driver.o
 .rodata        0x00000000       0x18 build/SWITCHBOOT_FEATHER/uart_driver.o
 .bss.uart_drv_error_flag
                0x00000000        0x1 build/SWITCHBOOT_FEATHER/uart_driver.o
 .debug_info    0x00000000     0x2658 build/SWITCHBOOT_FEATHER/uart_driver.o
 .debug_abbrev  0x00000000      0x2ad build/SWITCHBOOT_FEATHER/uart_driver.o
 .debug_loc     0x00000000      0x135 build/SWITCHBOOT_FEATHER/uart_driver.o
 .debug_aranges
                0x00000000       0x50 build/SWITCHBOOT_FEATHER/uart_driver.o
 .debug_ranges  0x00000000       0x40 build/SWITCHBOOT_FEATHER/uart_driver.o
 .debug_line    0x00000000      0x31c build/SWITCHBOOT_FEATHER/uart_driver.o
 .debug_str     0x00000000      0xe03 build/SWITCHBOOT_FEATHER/uart_driver.o
 .comment       0x00000000       0x7f build/SWITCHBOOT_FEATHER/uart_driver.o
 .debug_frame   0x00000000       0xac build/SWITCHBOOT_FEATHER/uart_driver.o
 .ARM.attributes
                0x00000000       0x32 build/SWITCHBOOT_FEATHER/uart_driver.o
 .text          0x00000000        0x0 build/SWITCHBOOT_FEATHER/hid.o
 .data          0x00000000        0x0 build/SWITCHBOOT_FEATHER/hid.o
 .bss           0x00000000        0x0 build/SWITCHBOOT_FEATHER/hid.o
 .data          0x00000000        0x0 c:/program files (x86)/gnu tools arm embedded/7 2017-q4-major/bin/../lib/gcc/arm-none-eabi/7.2.1/thumb/v6-m\libgcc.a(_thumb1_case_uqi.o)
 .bss           0x00000000        0x0 c:/program files (x86)/gnu tools arm embedded/7 2017-q4-major/bin/../lib/gcc/arm-none-eabi/7.2.1/thumb/v6-m\libgcc.a(_thumb1_case_uqi.o)
 .text          0x00000000        0x0 c:/program files (x86)/gnu tools arm embedded/7 2017-q4-major/bin/../lib/gcc/arm-none-eabi/7.2.1/../../../../arm-none-eabi/lib/thumb/v6-m\libg_nano.a(lib_a-memcpy-stub.o)
 .data          0x00000000        0x0 c:/program files (x86)/gnu tools arm embedded/7 2017-q4-major/bin/../lib/gcc/arm-none-eabi/7.2.1/../../../../arm-none-eabi/lib/thumb/v6-m\libg_nano.a(lib_a-memcpy-stub.o)
 .bss           0x00000000        0x0 c:/program files (x86)/gnu tools arm embedded/7 2017-q4-major/bin/../lib/gcc/arm-none-eabi/7.2.1/../../../../arm-none-eabi/lib/thumb/v6-m\libg_nano.a(lib_a-memcpy-stub.o)
 .text          0x00000000        0x0 c:/program files (x86)/gnu tools arm embedded/7 2017-q4-major/bin/../lib/gcc/arm-none-eabi/7.2.1/../../../../arm-none-eabi/lib/thumb/v6-m\libg_nano.a(lib_a-memset.o)
 .data          0x00000000        0x0 c:/program files (x86)/gnu tools arm embedded/7 2017-q4-major/bin/../lib/gcc/arm-none-eabi/7.2.1/../../../../arm-none-eabi/lib/thumb/v6-m\libg_nano.a(lib_a-memset.o)
 .bss           0x00000000        0x0 c:/program files (x86)/gnu tools arm embedded/7 2017-q4-major/bin/../lib/gcc/arm-none-eabi/7.2.1/../../../../arm-none-eabi/lib/thumb/v6-m\libg_nano.a(lib_a-memset.o)
 .data          0x00000000        0x0 c:/program files (x86)/gnu tools arm embedded/7 2017-q4-major/bin/../lib/gcc/arm-none-eabi/7.2.1/../../../../arm-none-eabi/lib/thumb/v6-m\libg_nano.a(lib_a-strlen.o)
 .bss           0x00000000        0x0 c:/program files (x86)/gnu tools arm embedded/7 2017-q4-major/bin/../lib/gcc/arm-none-eabi/7.2.1/../../../../arm-none-eabi/lib/thumb/v6-m\libg_nano.a(lib_a-strlen.o)

Memory Configuration

Name             Origin             Length             Attributes
rom              0x00000000         0x00002000         xr
ram              0x20000000         0x00008000         xrw
*default*        0x00000000         0xffffffff

Linker script and memory map

LOAD build/SWITCHBOOT_FEATHER/flash_samd21.o
LOAD build/SWITCHBOOT_FEATHER/init_samd21.o
LOAD build/SWITCHBOOT_FEATHER/startup_samd21.o
LOAD build/SWITCHBOOT_FEATHER/usart_sam_ba.o
LOAD build/SWITCHBOOT_FEATHER/utils.o
LOAD build/SWITCHBOOT_FEATHER/cdc_enumerate.o
LOAD build/SWITCHBOOT_FEATHER/fat.o
LOAD build/SWITCHBOOT_FEATHER/main.o
LOAD build/SWITCHBOOT_FEATHER/msc.o
LOAD build/SWITCHBOOT_FEATHER/sam_ba_monitor.o
LOAD build/SWITCHBOOT_FEATHER/uart_driver.o
LOAD build/SWITCHBOOT_FEATHER/hid.o
START GROUP
LOAD c:/program files (x86)/gnu tools arm embedded/7 2017-q4-major/bin/../lib/gcc/arm-none-eabi/7.2.1/thumb/v6-m\libgcc.a
LOAD c:/program files (x86)/gnu tools arm embedded/7 2017-q4-major/bin/../lib/gcc/arm-none-eabi/7.2.1/../../../../arm-none-eabi/lib/thumb/v6-m\libg_nano.a
LOAD c:/program files (x86)/gnu tools arm embedded/7 2017-q4-major/bin/../lib/gcc/arm-none-eabi/7.2.1/../../../../arm-none-eabi/lib/thumb/v6-m\libc_nano.a
END GROUP
START GROUP
LOAD c:/program files (x86)/gnu tools arm embedded/7 2017-q4-major/bin/../lib/gcc/arm-none-eabi/7.2.1/thumb/v6-m\libgcc.a
LOAD c:/program files (x86)/gnu tools arm embedded/7 2017-q4-major/bin/../lib/gcc/arm-none-eabi/7.2.1/../../../../arm-none-eabi/lib/thumb/v6-m\libc_nano.a
LOAD c:/program files (x86)/gnu tools arm embedded/7 2017-q4-major/bin/../lib/gcc/arm-none-eabi/7.2.1/../../../../arm-none-eabi/lib/thumb/v6-m\libnosys.a
END GROUP
START GROUP
LOAD c:/program files (x86)/gnu tools arm embedded/7 2017-q4-major/bin/../lib/gcc/arm-none-eabi/7.2.1/thumb/v6-m\libgcc.a
LOAD c:/program files (x86)/gnu tools arm embedded/7 2017-q4-major/bin/../lib/gcc/arm-none-eabi/7.2.1/../../../../arm-none-eabi/lib/thumb/v6-m\libc_nano.a
LOAD c:/program files (x86)/gnu tools arm embedded/7 2017-q4-major/bin/../lib/gcc/arm-none-eabi/7.2.1/../../../../arm-none-eabi/lib/thumb/v6-m\libnosys.a
END GROUP
                0x00002000                STACK_SIZE = DEFINED (STACK_SIZE)?STACK_SIZE:DEFINED (__stack_size__)?__stack_size__:0x2000

.text           0x00000000     0x1d1c
                0x00000000                . = ALIGN (0x4)
                0x00000000                _sfixed = .
 *(.vectors .vectors.*)
 .vectors       0x00000000       0xb4 build/SWITCHBOOT_FEATHER/startup_samd21.o
                0x00000000                exception_table
 *(.text .text.* .gnu.linkonce.t.*)
 .text.flash_erase_row
                0x000000b4       0x28 build/SWITCHBOOT_FEATHER/flash_samd21.o
                0x000000b4                flash_erase_row
 .text.flash_erase_to_end
                0x000000dc       0x1c build/SWITCHBOOT_FEATHER/flash_samd21.o
                0x000000dc                flash_erase_to_end
 .text.copy_words
                0x000000f8       0x14 build/SWITCHBOOT_FEATHER/flash_samd21.o
                0x000000f8                copy_words
 .text.flash_write_words
                0x0000010c       0x54 build/SWITCHBOOT_FEATHER/flash_samd21.o
                0x0000010c                flash_write_words
 .text.flash_write_row
                0x00000160       0x2e build/SWITCHBOOT_FEATHER/flash_samd21.o
                0x00000160                flash_write_row
 *fill*         0x0000018e        0x2 
 .text.gclk_sync
                0x00000190       0x10 build/SWITCHBOOT_FEATHER/init_samd21.o
 .text.dfll_sync
                0x000001a0       0x10 build/SWITCHBOOT_FEATHER/init_samd21.o
 .text.system_init
                0x000001b0       0xcc build/SWITCHBOOT_FEATHER/init_samd21.o
                0x000001b0                system_init
 .text.SysTick_Handler
                0x0000027c        0x8 build/SWITCHBOOT_FEATHER/init_samd21.o
                0x0000027c                SysTick_Handler
 .text.Dummy_Handler
                0x00000284        0x2 build/SWITCHBOOT_FEATHER/startup_samd21.o
                0x00000284                DMAC_Handler
                0x00000284                AC_Handler
                0x00000284                PendSV_Handler
                0x00000284                NMI_Handler
                0x00000284                SERCOM1_Handler
                0x00000284                ADC_Handler
                0x00000284                TCC1_Handler
                0x00000284                SERCOM2_Handler
                0x00000284                TCC0_Handler
                0x00000284                RTC_Handler
                0x00000284                EIC_Handler
                0x00000284                WDT_Handler
                0x00000284                TC4_Handler
                0x00000284                USB_Handler
                0x00000284                TC3_Handler
                0x00000284                Dummy_Handler
                0x00000284                PM_Handler
                0x00000284                SERCOM5_Handler
                0x00000284                SVC_Handler
                0x00000284                TCC2_Handler
                0x00000284                EVSYS_Handler
                0x00000284                SERCOM3_Handler
                0x00000284                SERCOM4_Handler
                0x00000284                I2S_Handler
                0x00000284                NVMCTRL_Handler
                0x00000284                SERCOM0_Handler
                0x00000284                DAC_Handler
                0x00000284                PTC_Handler
                0x00000284                TC5_Handler
                0x00000284                SYSCTRL_Handler
 .text.HardFault_Handler
                0x00000286        0x2 build/SWITCHBOOT_FEATHER/startup_samd21.o
                0x00000286                HardFault_Handler
 .text.Reset_Handler
                0x00000288       0xb0 build/SWITCHBOOT_FEATHER/startup_samd21.o
                0x00000288                Reset_Handler
 .text.add_crc  0x00000338       0x54 build/SWITCHBOOT_FEATHER/usart_sam_ba.o
                0x00000338                add_crc
 .text.neopixel_send_buffer_core
                0x0000038c       0x36 build/SWITCHBOOT_FEATHER/utils.o
 .text.delay    0x000003c2       0x10 build/SWITCHBOOT_FEATHER/utils.o
                0x000003c2                delay
 .text.writeNum
                0x000003d2       0x38 build/SWITCHBOOT_FEATHER/utils.o
                0x000003d2                writeNum
 *fill*         0x0000040a        0x2 
 .text.resetIntoBootloader
                0x0000040c       0x28 build/SWITCHBOOT_FEATHER/utils.o
                0x0000040c                resetIntoBootloader
 .text.led_tick
                0x00000434       0x80 build/SWITCHBOOT_FEATHER/utils.o
                0x00000434                led_tick
 .text.led_signal
                0x000004b4       0x2c build/SWITCHBOOT_FEATHER/utils.o
                0x000004b4                led_signal
 .text.led_init
                0x000004e0       0x10 build/SWITCHBOOT_FEATHER/utils.o
                0x000004e0                led_init
 .text.joycon_init
                0x000004f0       0x18 build/SWITCHBOOT_FEATHER/utils.o
                0x000004f0                joycon_init
 .text.RGBLED_set_color
                0x00000508       0x4c build/SWITCHBOOT_FEATHER/utils.o
                0x00000508                RGBLED_set_color
 .text.resetIntoApp
                0x00000554       0x30 build/SWITCHBOOT_FEATHER/utils.o
                0x00000554                resetIntoApp
 .text.timerTick
                0x00000584       0x40 build/SWITCHBOOT_FEATHER/utils.o
                0x00000584                timerTick
 .text.AT91F_InitUSB
                0x000005c4      0x108 build/SWITCHBOOT_FEATHER/cdc_enumerate.o
                0x000005c4                AT91F_InitUSB
 .text.USB_ReadCore
                0x000006cc       0xe0 build/SWITCHBOOT_FEATHER/cdc_enumerate.o
                0x000006cc                USB_ReadCore
 .text.USB_Read
                0x000007ac        0xa build/SWITCHBOOT_FEATHER/cdc_enumerate.o
                0x000007ac                USB_Read
 .text.USB_ReadBlocking
                0x000007b6       0x22 build/SWITCHBOOT_FEATHER/cdc_enumerate.o
                0x000007b6                USB_ReadBlocking
 .text.USB_WriteCore
                0x000007d8       0x94 build/SWITCHBOOT_FEATHER/cdc_enumerate.o
                0x000007d8                USB_WriteCore
 .text.USB_Write
                0x0000086c        0xa build/SWITCHBOOT_FEATHER/cdc_enumerate.o
                0x0000086c                USB_Write
 *fill*         0x00000876        0x2 
 .text.sendCtrl
                0x00000878       0x1c build/SWITCHBOOT_FEATHER/cdc_enumerate.o
 .text.AT91F_USB_SendZlp
                0x00000894       0x10 build/SWITCHBOOT_FEATHER/cdc_enumerate.o
                0x00000894                AT91F_USB_SendZlp
 .text.USB_Ok   0x000008a4      0x4f4 build/SWITCHBOOT_FEATHER/cdc_enumerate.o
                0x000008a4                USB_Ok
 .text.usb_init
                0x00000d98       0x20 build/SWITCHBOOT_FEATHER/cdc_enumerate.o
                0x00000d98                usb_init
 .text.cdc_write_buf
                0x00000db8        0xe build/SWITCHBOOT_FEATHER/cdc_enumerate.o
                0x00000db8                cdc_write_buf
 .text.cdc_write_buf_xmd
                0x00000dc6        0xe build/SWITCHBOOT_FEATHER/cdc_enumerate.o
                0x00000dc6                cdc_write_buf_xmd
 .text.cdc_read_buf
                0x00000dd4       0x1e build/SWITCHBOOT_FEATHER/cdc_enumerate.o
                0x00000dd4                cdc_read_buf
 .text.cdc_read_buf_xmd
                0x00000df2       0x22 build/SWITCHBOOT_FEATHER/cdc_enumerate.o
                0x00000df2                cdc_read_buf_xmd
 .text.padded_memcpy
                0x00000e14       0x20 build/SWITCHBOOT_FEATHER/fat.o
                0x00000e14                padded_memcpy
 .text.read_block
                0x00000e34      0x158 build/SWITCHBOOT_FEATHER/fat.o
                0x00000e34                read_block
 .text.write_block
                0x00000f8c       0xd8 build/SWITCHBOOT_FEATHER/fat.o
                0x00000f8c                write_block
 .text.startup.main
                0x00001064      0x118 build/SWITCHBOOT_FEATHER/main.o
                0x00001064                main
 .text.udi_msc_clear_sense
                0x0000117c       0x1c build/SWITCHBOOT_FEATHER/msc.o
 .text.handover_flash
                0x00001198       0x34 build/SWITCHBOOT_FEATHER/msc.o
 .text.try_read_cbw
                0x000011cc       0x2c build/SWITCHBOOT_FEATHER/msc.o
                0x000011cc                try_read_cbw
 .text.udi_msc_csw_send
                0x000011f8       0x14 build/SWITCHBOOT_FEATHER/msc.o
                0x000011f8                udi_msc_csw_send
 .text.udi_msc_csw_process
                0x0000120c       0x38 build/SWITCHBOOT_FEATHER/msc.o
 .text.udi_msc_data_send
                0x00001244       0x6c build/SWITCHBOOT_FEATHER/msc.o
 .text.udi_msc_spc_mode_sense
                0x000012b0       0x70 build/SWITCHBOOT_FEATHER/msc.o
 .text.udi_msc_sbc_trans
                0x00001320       0xc8 build/SWITCHBOOT_FEATHER/msc.o
 .text.process_msc
                0x000013e8      0x140 build/SWITCHBOOT_FEATHER/msc.o
                0x000013e8                process_msc
 .text.handoverPrep
                0x00001528       0x24 build/SWITCHBOOT_FEATHER/msc.o
                0x00001528                handoverPrep
 .text.handover
                0x0000154c       0xe4 build/SWITCHBOOT_FEATHER/msc.o
 .text.call_applet
                0x00001630       0x24 build/SWITCHBOOT_FEATHER/sam_ba_monitor.o
                0x00001630                call_applet
 .text.put_uint32
                0x00001654       0x16 build/SWITCHBOOT_FEATHER/sam_ba_monitor.o
                0x00001654                put_uint32
 *fill*         0x0000166a        0x2 
 .text.sam_ba_monitor_run
                0x0000166c      0x254 build/SWITCHBOOT_FEATHER/sam_ba_monitor.o
                0x0000166c                sam_ba_monitor_run
 .text.recv_hf2
                0x000018c0       0x56 build/SWITCHBOOT_FEATHER/hid.o
                0x000018c0                recv_hf2
 .text.send_hf2
                0x00001916       0x46 build/SWITCHBOOT_FEATHER/hid.o
                0x00001916                send_hf2
 .text.send_hf2_response
                0x0000195c       0x14 build/SWITCHBOOT_FEATHER/hid.o
                0x0000195c                send_hf2_response
 .text.process_core
                0x00001970       0xf0 build/SWITCHBOOT_FEATHER/hid.o
                0x00001970                process_core
 .text.process_hid
                0x00001a60       0x28 build/SWITCHBOOT_FEATHER/hid.o
                0x00001a60                process_hid
 .text.hidHandoverLoop
                0x00001a88       0x24 build/SWITCHBOOT_FEATHER/hid.o
                0x00001a88                hidHandoverLoop
 .text          0x00001aac       0x14 c:/program files (x86)/gnu tools arm embedded/7 2017-q4-major/bin/../lib/gcc/arm-none-eabi/7.2.1/thumb/v6-m\libgcc.a(_thumb1_case_uqi.o)
                0x00001aac                __gnu_thumb1_case_uqi
 .text.memcpy   0x00001ac0       0x12 c:/program files (x86)/gnu tools arm embedded/7 2017-q4-major/bin/../lib/gcc/arm-none-eabi/7.2.1/../../../../arm-none-eabi/lib/thumb/v6-m\libg_nano.a(lib_a-memcpy-stub.o)
                0x00001ac0                memcpy
 .text.memset   0x00001ad2       0x10 c:/program files (x86)/gnu tools arm embedded/7 2017-q4-major/bin/../lib/gcc/arm-none-eabi/7.2.1/../../../../arm-none-eabi/lib/thumb/v6-m\libg_nano.a(lib_a-memset.o)
                0x00001ad2                memset
 .text          0x00001ae2        0xe c:/program files (x86)/gnu tools arm embedded/7 2017-q4-major/bin/../lib/gcc/arm-none-eabi/7.2.1/../../../../arm-none-eabi/lib/thumb/v6-m\libg_nano.a(lib_a-strlen.o)
                0x00001ae2                strlen
 *(.glue_7t)
 .glue_7t       0x00001af0        0x0 linker stubs
 *(.glue_7)
 .glue_7        0x00001af0        0x0 linker stubs
 *(.rodata .rodata* .gnu.linkonce.r.*)
 .rodata        0x00001af0       0x10 build/SWITCHBOOT_FEATHER/cdc_enumerate.o
 .rodata.devDescriptor
                0x00001b00       0x12 build/SWITCHBOOT_FEATHER/cdc_enumerate.o
                0x00001b00                devDescriptor
 *fill*         0x00001b12        0x2 
 .rodata.hidDescriptor
                0x00001b14       0x21 build/SWITCHBOOT_FEATHER/cdc_enumerate.o
                0x00001b14                hidDescriptor
 .rodata.str1.1
                0x00001b35       0x27 build/SWITCHBOOT_FEATHER/cdc_enumerate.o
 .rodata.string_descriptors
                0x00001b5c       0x10 build/SWITCHBOOT_FEATHER/cdc_enumerate.o
 .rodata.BootBlock
                0x00001b6c       0x3e build/SWITCHBOOT_FEATHER/fat.o
 .rodata.indexFile
                0x00001baa       0x69 build/SWITCHBOOT_FEATHER/fat.o
                0x00001baa                indexFile
 *fill*         0x00001c13        0x1 
 .rodata.info   0x00001c14       0x30 build/SWITCHBOOT_FEATHER/fat.o
 .rodata.infoUf2File
                0x00001c44       0x92 build/SWITCHBOOT_FEATHER/fat.o
                0x00001c44                infoUf2File
 .rodata        0x00001cd6        0xc build/SWITCHBOOT_FEATHER/msc.o
 .rodata.process_msc.str1.1
                0x00001ce2       0x13 build/SWITCHBOOT_FEATHER/msc.o
 .rodata.fullVersion
                0x00001ce2       0x2a build/SWITCHBOOT_FEATHER/sam_ba_monitor.o
 .rodata.sam_ba_monitor_run.str1.1
                0x00001d0c       0x10 build/SWITCHBOOT_FEATHER/sam_ba_monitor.o
 *(.ARM.extab* .gnu.linkonce.armextab.*)
                0x00001d1c                . = ALIGN (0x4)
 *(.init)
                0x00001d1c                . = ALIGN (0x4)
                0x00001d1c                __preinit_array_start = .
 *(.preinit_array)
                0x00001d1c                __preinit_array_end = .
                0x00001d1c                . = ALIGN (0x4)
                0x00001d1c                __init_array_start = .
 *(SORT_BY_NAME(.init_array.*))
 *(.init_array)
                0x00001d1c                __init_array_end = .
                0x00001d1c                . = ALIGN (0x4)
 *crtbegin.o(.ctors)
 *(EXCLUDE_FILE(*crtend.o) .ctors)
 *(SORT_BY_NAME(.ctors.*))
 *crtend.o(.ctors)
                0x00001d1c                . = ALIGN (0x4)
                0x00001d1c                _efixed = .
                [!provide]                PROVIDE (__exidx_start, .)

.vfp11_veneer   0x00001d1c        0x0
 .vfp11_veneer  0x00001d1c        0x0 linker stubs

.v4_bx          0x00001d1c        0x0
 .v4_bx         0x00001d1c        0x0 linker stubs

.iplt           0x00001d1c        0x0
 .iplt          0x00001d1c        0x0 build/SWITCHBOOT_FEATHER/flash_samd21.o

.igot.plt       0x00001d1c        0x0
 .igot.plt      0x00001d1c        0x0 build/SWITCHBOOT_FEATHER/flash_samd21.o

.rel.dyn        0x00001d1c        0x0
 .rel.iplt      0x00001d1c        0x0 build/SWITCHBOOT_FEATHER/flash_samd21.o

.ARM.exidx
 *(.ARM.exidx* .gnu.linkonce.armexidx.*)
                [!provide]                PROVIDE (__exidx_end, .)
                0x00001d1c                . = ALIGN (0x4)
                0x00001d1c                _etext = .

.relocate       0x20000000      0x1cc load address 0x00001d1c
                0x20000000                . = ALIGN (0x4)
                0x20000000                _srelocate = .
 *(.ramfunc .ramfunc.*)
 *(.data .data.*)
 .data.led_tick_step
                0x20000000        0x1 build/SWITCHBOOT_FEATHER/utils.o
                0x20000000                led_tick_step
 .data.limit    0x20000001        0x1 build/SWITCHBOOT_FEATHER/utils.o
 *fill*         0x20000002        0x2 
 .data.bosDescriptor
                0x20000004       0x39 build/SWITCHBOOT_FEATHER/cdc_enumerate.o
 *fill*         0x2000003d        0x3 
 .data.cfgDescriptor
                0x20000040       0x99 build/SWITCHBOOT_FEATHER/cdc_enumerate.o
                0x20000040                cfgDescriptor
 *fill*         0x200000d9        0x3 
 .data.hidCfgDescriptor
                0x200000dc        0x9 build/SWITCHBOOT_FEATHER/cdc_enumerate.o
                0x200000dc                hidCfgDescriptor
 *fill*         0x200000e5        0x3 
 .data.line_coding
                0x200000e8        0x8 build/SWITCHBOOT_FEATHER/cdc_enumerate.o
 .data.msOS20Descriptor
                0x200000f0       0xaa build/SWITCHBOOT_FEATHER/cdc_enumerate.o
 .data.udi_msc_csw
                0x2000019a        0xd build/SWITCHBOOT_FEATHER/msc.o
 *fill*         0x200001a7        0x1 
 .data.udi_msc_inquiry_data.12058
                0x200001a8       0x24 build/SWITCHBOOT_FEATHER/msc.o
                0x200001cc                . = ALIGN (0x4)
                0x200001cc                _erelocate = .

.bss            0x200001cc      0xc08 load address 0x00001ee8
                0x200001cc                . = ALIGN (0x4)
                0x200001cc                _sbss = .
                0x200001cc                _szero = .
 *(.bss .bss.*)
 .bss.crcCache  0x200001cc      0x200 build/SWITCHBOOT_FEATHER/usart_sam_ba.o
 .bss.now       0x200003cc        0x4 build/SWITCHBOOT_FEATHER/utils.o
 .bss.signal_end
                0x200003d0        0x4 build/SWITCHBOOT_FEATHER/utils.o
 .bss.timerLow  0x200003d4        0x4 build/SWITCHBOOT_FEATHER/utils.o
 .bss.currentConfiguration
                0x200003d8        0x1 build/SWITCHBOOT_FEATHER/cdc_enumerate.o
 .bss.serial_number
                0x200003d9       0x21 build/SWITCHBOOT_FEATHER/cdc_enumerate.o
 .bss.wLength   0x200003fa        0x2 build/SWITCHBOOT_FEATHER/cdc_enumerate.o
 .bss.main_b_cdc_enable
                0x200003fc        0x1 build/SWITCHBOOT_FEATHER/main.o
 *fill*         0x200003fd        0x3 
 .bss.block_buffer
                0x20000400      0x200 build/SWITCHBOOT_FEATHER/msc.o
 .bss.sense.12081
                0x20000600       0x14 build/SWITCHBOOT_FEATHER/msc.o
 .bss.udi_msc_capacity.12091
                0x20000614        0x8 build/SWITCHBOOT_FEATHER/msc.o
 .bss.udi_msc_cbw
                0x2000061c       0x1f build/SWITCHBOOT_FEATHER/msc.o
 .bss.udi_msc_sense
                0x2000063b       0x12 build/SWITCHBOOT_FEATHER/msc.o
 *fill*         0x2000064d        0x3 
 .bss.usbWriteState
                0x20000650       0x98 build/SWITCHBOOT_FEATHER/msc.o
 .bss.b_sam_ba_interface_usart
                0x200006e8        0x1 build/SWITCHBOOT_FEATHER/sam_ba_monitor.o
                0x200006e8                b_sam_ba_interface_usart
 *fill*         0x200006e9        0x3 
 .bss.src_buff_addr.11503
                0x200006ec        0x4 build/SWITCHBOOT_FEATHER/sam_ba_monitor.o
 .bss.hidbufData
                0x200006f0      0x188 build/SWITCHBOOT_FEATHER/hid.o
 .bss.webbufData
                0x20000878      0x188 build/SWITCHBOOT_FEATHER/hid.o
 *(COMMON)
 COMMON         0x20000a00        0x8 build/SWITCHBOOT_FEATHER/utils.o
                0x20000a00                timerHigh
                0x20000a04                resetHorizon
 COMMON         0x20000a08      0x364 build/SWITCHBOOT_FEATHER/cdc_enumerate.o
                0x20000a08                ctrlOutCache
                0x20000a4c                usb_endpoint_table
                0x20000b4c                endpointCache
 COMMON         0x20000d6c       0x68 build/SWITCHBOOT_FEATHER/sam_ba_monitor.o
                0x20000d6c                j
                0x20000d70                length
                0x20000d74                ptr
                0x20000d78                command
                0x20000d7c                i
                0x20000d80                data
                0x20000dc4                ptr_data
                0x20000dc8                sp
                0x20000dcc                current_number
                0x20000dd0                u32tmp
                0x20000dd4                . = ALIGN (0x4)
                0x20000dd4                _ebss = .
                0x20000dd4                _ezero = .

.stack          0x20000dd4     0x2004 load address 0x00002af0
                0x20000dd8                . = ALIGN (0x8)
 *fill*         0x20000dd4        0x4 
                0x20000dd8                _sstack = .
                0x20002dd8                . = (. + STACK_SIZE)
 *fill*         0x20000dd8     0x2000 
                0x20002dd8                . = ALIGN (0x8)
                0x20002dd8                _estack = .
                0x20002dd8                . = ALIGN (0x4)
                0x20002dd8                _end = .
                0x00001ff0                _binfo_start = 0x1ff0

.binfo          0x00001ff0       0x10
 *(.binfo)
 .binfo         0x00001ff0       0x10 build/SWITCHBOOT_FEATHER/msc.o
                0x00001ff0                binfo
OUTPUT(build/SWITCHBOOT_FEATHER/bootloader-SWITCHBOOT_FEATHER-189c231.elf elf32-littlearm)

.debug_info     0x00000000    0x1807d
 .debug_info    0x00000000      0xfa6 build/SWITCHBOOT_FEATHER/flash_samd21.o
 .debug_info    0x00000fa6     0x2335 build/SWITCHBOOT_FEATHER/init_samd21.o
 .debug_info    0x000032db     0x35c5 build/SWITCHBOOT_FEATHER/startup_samd21.o
 .debug_info    0x000068a0     0x3d04 build/SWITCHBOOT_FEATHER/usart_sam_ba.o
 .debug_info    0x0000a5a4     0x1430 build/SWITCHBOOT_FEATHER/utils.o
 .debug_info    0x0000b9d4     0x4435 build/SWITCHBOOT_FEATHER/cdc_enumerate.o
 .debug_info    0x0000fe09      0xfe0 build/SWITCHBOOT_FEATHER/fat.o
 .debug_info    0x00010de9     0x1971 build/SWITCHBOOT_FEATHER/main.o
 .debug_info    0x0001275a     0x38ca build/SWITCHBOOT_FEATHER/msc.o
 .debug_info    0x00016024      0xdff build/SWITCHBOOT_FEATHER/sam_ba_monitor.o
 .debug_info    0x00016e23     0x125a build/SWITCHBOOT_FEATHER/hid.o

.debug_abbrev   0x00000000     0x2885
 .debug_abbrev  0x00000000      0x2c1 build/SWITCHBOOT_FEATHER/flash_samd21.o
 .debug_abbrev  0x000002c1      0x32c build/SWITCHBOOT_FEATHER/init_samd21.o
 .debug_abbrev  0x000005ed      0x25b build/SWITCHBOOT_FEATHER/startup_samd21.o
 .debug_abbrev  0x00000848      0x48b build/SWITCHBOOT_FEATHER/usart_sam_ba.o
 .debug_abbrev  0x00000cd3      0x42a build/SWITCHBOOT_FEATHER/utils.o
 .debug_abbrev  0x000010fd      0x4da build/SWITCHBOOT_FEATHER/cdc_enumerate.o
 .debug_abbrev  0x000015d7      0x319 build/SWITCHBOOT_FEATHER/fat.o
 .debug_abbrev  0x000018f0      0x343 build/SWITCHBOOT_FEATHER/main.o
 .debug_abbrev  0x00001c33      0x4f4 build/SWITCHBOOT_FEATHER/msc.o
 .debug_abbrev  0x00002127      0x386 build/SWITCHBOOT_FEATHER/sam_ba_monitor.o
 .debug_abbrev  0x000024ad      0x3d8 build/SWITCHBOOT_FEATHER/hid.o

.debug_loc      0x00000000     0x28e9
 .debug_loc     0x00000000      0x3a6 build/SWITCHBOOT_FEATHER/flash_samd21.o
 .debug_loc     0x000003a6       0x78 build/SWITCHBOOT_FEATHER/init_samd21.o
 .debug_loc     0x0000041e       0x2b build/SWITCHBOOT_FEATHER/startup_samd21.o
 .debug_loc     0x00000449      0x7d4 build/SWITCHBOOT_FEATHER/usart_sam_ba.o
 .debug_loc     0x00000c1d      0x1c2 build/SWITCHBOOT_FEATHER/utils.o
 .debug_loc     0x00000ddf      0xb1e build/SWITCHBOOT_FEATHER/cdc_enumerate.o
 .debug_loc     0x000018fd      0x4b7 build/SWITCHBOOT_FEATHER/fat.o
 .debug_loc     0x00001db4       0x33 build/SWITCHBOOT_FEATHER/main.o
 .debug_loc     0x00001de7      0x495 build/SWITCHBOOT_FEATHER/msc.o
 .debug_loc     0x0000227c      0x1d5 build/SWITCHBOOT_FEATHER/sam_ba_monitor.o
 .debug_loc     0x00002451      0x498 build/SWITCHBOOT_FEATHER/hid.o

.debug_aranges  0x00000000      0x3a0
 .debug_aranges
                0x00000000       0x48 build/SWITCHBOOT_FEATHER/flash_samd21.o
 .debug_aranges
                0x00000048       0x38 build/SWITCHBOOT_FEATHER/init_samd21.o
 .debug_aranges
                0x00000080       0x30 build/SWITCHBOOT_FEATHER/startup_samd21.o
 .debug_aranges
                0x000000b0       0x88 build/SWITCHBOOT_FEATHER/usart_sam_ba.o
 .debug_aranges
                0x00000138       0x78 build/SWITCHBOOT_FEATHER/utils.o
 .debug_aranges
                0x000001b0       0x98 build/SWITCHBOOT_FEATHER/cdc_enumerate.o
 .debug_aranges
                0x00000248       0x30 build/SWITCHBOOT_FEATHER/fat.o
 .debug_aranges
                0x00000278       0x20 build/SWITCHBOOT_FEATHER/main.o
 .debug_aranges
                0x00000298       0x80 build/SWITCHBOOT_FEATHER/msc.o
 .debug_aranges
                0x00000318       0x40 build/SWITCHBOOT_FEATHER/sam_ba_monitor.o
 .debug_aranges
                0x00000358       0x48 build/SWITCHBOOT_FEATHER/hid.o

.debug_ranges   0x00000000      0x5d0
 .debug_ranges  0x00000000       0x70 build/SWITCHBOOT_FEATHER/flash_samd21.o
 .debug_ranges  0x00000070       0x48 build/SWITCHBOOT_FEATHER/init_samd21.o
 .debug_ranges  0x000000b8       0x20 build/SWITCHBOOT_FEATHER/startup_samd21.o
 .debug_ranges  0x000000d8       0x78 build/SWITCHBOOT_FEATHER/usart_sam_ba.o
 .debug_ranges  0x00000150       0xe0 build/SWITCHBOOT_FEATHER/utils.o
 .debug_ranges  0x00000230       0xf0 build/SWITCHBOOT_FEATHER/cdc_enumerate.o
 .debug_ranges  0x00000320       0xc8 build/SWITCHBOOT_FEATHER/fat.o
 .debug_ranges  0x000003e8       0x28 build/SWITCHBOOT_FEATHER/main.o
 .debug_ranges  0x00000410       0xd8 build/SWITCHBOOT_FEATHER/msc.o
 .debug_ranges  0x000004e8       0x60 build/SWITCHBOOT_FEATHER/sam_ba_monitor.o
 .debug_ranges  0x00000548       0x88 build/SWITCHBOOT_FEATHER/hid.o

.debug_line     0x00000000     0x28b7
 .debug_line    0x00000000      0x2f5 build/SWITCHBOOT_FEATHER/flash_samd21.o
 .debug_line    0x000002f5      0x2fe build/SWITCHBOOT_FEATHER/init_samd21.o
 .debug_line    0x000005f3      0x21c build/SWITCHBOOT_FEATHER/startup_samd21.o
 .debug_line    0x0000080f      0x48b build/SWITCHBOOT_FEATHER/usart_sam_ba.o
 .debug_line    0x00000c9a      0x436 build/SWITCHBOOT_FEATHER/utils.o
 .debug_line    0x000010d0      0x5a8 build/SWITCHBOOT_FEATHER/cdc_enumerate.o
 .debug_line    0x00001678      0x37e build/SWITCHBOOT_FEATHER/fat.o
 .debug_line    0x000019f6      0x2f5 build/SWITCHBOOT_FEATHER/main.o
 .debug_line    0x00001ceb      0x52e build/SWITCHBOOT_FEATHER/msc.o
 .debug_line    0x00002219      0x357 build/SWITCHBOOT_FEATHER/sam_ba_monitor.o
 .debug_line    0x00002570      0x347 build/SWITCHBOOT_FEATHER/hid.o

.debug_str      0x00000000     0x3e4c
 .debug_str     0x00000000      0x73f build/SWITCHBOOT_FEATHER/flash_samd21.o
                                0x822 (size before relaxing)
 .debug_str     0x0000073f      0x6f4 build/SWITCHBOOT_FEATHER/init_samd21.o
                                0xeb2 (size before relaxing)
 .debug_str     0x00000e33      0xedd build/SWITCHBOOT_FEATHER/startup_samd21.o
                               0x1375 (size before relaxing)
 .debug_str     0x00001d10      0xc48 build/SWITCHBOOT_FEATHER/usart_sam_ba.o
                               0x13ed (size before relaxing)
 .debug_str     0x00002958      0x148 build/SWITCHBOOT_FEATHER/utils.o
                                0x919 (size before relaxing)
 .debug_str     0x00002aa0      0x43e build/SWITCHBOOT_FEATHER/cdc_enumerate.o
                               0x165a (size before relaxing)
 .debug_str     0x00002ede      0x296 build/SWITCHBOOT_FEATHER/fat.o
                                0x914 (size before relaxing)
 .debug_str     0x00003174       0x79 build/SWITCHBOOT_FEATHER/main.o
                                0xb28 (size before relaxing)
 .debug_str     0x000031ed      0x9c2 build/SWITCHBOOT_FEATHER/msc.o
                               0x18d5 (size before relaxing)
 .debug_str     0x00003baf       0xa9 build/SWITCHBOOT_FEATHER/sam_ba_monitor.o
                                0x7c6 (size before relaxing)
 .debug_str     0x00003c58      0x1f4 build/SWITCHBOOT_FEATHER/hid.o
                                0x8fd (size before relaxing)

.comment        0x00000000       0x7e
 .comment       0x00000000       0x7e build/SWITCHBOOT_FEATHER/flash_samd21.o
                                 0x7f (size before relaxing)
 .comment       0x0000007e       0x7f build/SWITCHBOOT_FEATHER/init_samd21.o
 .comment       0x0000007e       0x7f build/SWITCHBOOT_FEATHER/startup_samd21.o
 .comment       0x0000007e       0x7f build/SWITCHBOOT_FEATHER/usart_sam_ba.o
 .comment       0x0000007e       0x7f build/SWITCHBOOT_FEATHER/utils.o
 .comment       0x0000007e       0x7f build/SWITCHBOOT_FEATHER/cdc_enumerate.o
 .comment       0x0000007e       0x7f build/SWITCHBOOT_FEATHER/fat.o
 .comment       0x0000007e       0x7f build/SWITCHBOOT_FEATHER/main.o
 .comment       0x0000007e       0x7f build/SWITCHBOOT_FEATHER/msc.o
 .comment       0x0000007e       0x7f build/SWITCHBOOT_FEATHER/sam_ba_monitor.o
 .comment       0x0000007e       0x7f build/SWITCHBOOT_FEATHER/hid.o

.ARM.attributes
                0x00000000       0x30
 .ARM.attributes
                0x00000000       0x32 build/SWITCHBOOT_FEATHER/flash_samd21.o
 .ARM.attributes
                0x00000032       0x32 build/SWITCHBOOT_FEATHER/init_samd21.o
 .ARM.attributes
                0x00000064       0x32 build/SWITCHBOOT_FEATHER/startup_samd21.o
 .ARM.attributes
                0x00000096       0x32 build/SWITCHBOOT_FEATHER/usart_sam_ba.o
 .ARM.attributes
                0x000000c8       0x32 build/SWITCHBOOT_FEATHER/utils.o
 .ARM.attributes
                0x000000fa       0x32 build/SWITCHBOOT_FEATHER/cdc_enumerate.o
 .ARM.attributes
                0x0000012c       0x32 build/SWITCHBOOT_FEATHER/fat.o
 .ARM.attributes
                0x0000015e       0x32 build/SWITCHBOOT_FEATHER/main.o
 .ARM.attributes
                0x00000190       0x32 build/SWITCHBOOT_FEATHER/msc.o
 .ARM.attributes
                0x000001c2       0x32 build/SWITCHBOOT_FEATHER/sam_ba_monitor.o
 .ARM.attributes
                0x000001f4       0x32 build/SWITCHBOOT_FEATHER/hid.o
 .ARM.attributes
                0x00000226       0x1e c:/program files (x86)/gnu tools arm embedded/7 2017-q4-major/bin/../lib/gcc/arm-none-eabi/7.2.1/thumb/v6-m\libgcc.a(_thumb1_case_uqi.o)
 .ARM.attributes
                0x00000244       0x2c c:/program files (x86)/gnu tools arm embedded/7 2017-q4-major/bin/../lib/gcc/arm-none-eabi/7.2.1/../../../../arm-none-eabi/lib/thumb/v6-m\libg_nano.a(lib_a-memcpy-stub.o)
 .ARM.attributes
                0x00000270       0x2c c:/program files (x86)/gnu tools arm embedded/7 2017-q4-major/bin/../lib/gcc/arm-none-eabi/7.2.1/../../../../arm-none-eabi/lib/thumb/v6-m\libg_nano.a(lib_a-memset.o)
 .ARM.attributes
                0x0000029c       0x1c c:/program files (x86)/gnu tools arm embedded/7 2017-q4-major/bin/../lib/gcc/arm-none-eabi/7.2.1/../../../../arm-none-eabi/lib/thumb/v6-m\libg_nano.a(lib_a-strlen.o)

.debug_frame    0x00000000      0x978
 .debug_frame   0x00000000       0xb4 build/SWITCHBOOT_FEATHER/flash_samd21.o
 .debug_frame   0x000000b4       0x68 build/SWITCHBOOT_FEATHER/init_samd21.o
 .debug_frame   0x0000011c       0x4c build/SWITCHBOOT_FEATHER/startup_samd21.o
 .debug_frame   0x00000168      0x184 build/SWITCHBOOT_FEATHER/usart_sam_ba.o
 .debug_frame   0x000002ec      0x110 build/SWITCHBOOT_FEATHER/utils.o
 .debug_frame   0x000003fc      0x1d0 build/SWITCHBOOT_FEATHER/cdc_enumerate.o
 .debug_frame   0x000005cc       0x68 build/SWITCHBOOT_FEATHER/fat.o
 .debug_frame   0x00000634       0x34 build/SWITCHBOOT_FEATHER/main.o
 .debug_frame   0x00000668      0x170 build/SWITCHBOOT_FEATHER/msc.o
 .debug_frame   0x000007d8       0x98 build/SWITCHBOOT_FEATHER/sam_ba_monitor.o
 .debug_frame   0x00000870       0xc0 build/SWITCHBOOT_FEATHER/hid.o
 .debug_frame   0x00000930       0x28 c:/program files (x86)/gnu tools arm embedded/7 2017-q4-major/bin/../lib/gcc/arm-none-eabi/7.2.1/../../../../arm-none-eabi/lib/thumb/v6-m\libg_nano.a(lib_a-memcpy-stub.o)
 .debug_frame   0x00000958       0x20 c:/program files (x86)/gnu tools arm embedded/7 2017-q4-major/bin/../lib/gcc/arm-none-eabi/7.2.1/../../../../arm-none-eabi/lib/thumb/v6-m\libg_nano.a(lib_a-memset.o)

Cross Reference Table

Symbol                                            File
AC_Handler                                        build/SWITCHBOOT_FEATHER/startup_samd21.o
ADC_Handler                                       build/SWITCHBOOT_FEATHER/startup_samd21.o
AT91F_InitUSB                                     build/SWITCHBOOT_FEATHER/cdc_enumerate.o
AT91F_USB_SendZlp                                 build/SWITCHBOOT_FEATHER/cdc_enumerate.o
DAC_Handler                                       build/SWITCHBOOT_FEATHER/startup_samd21.o
DMAC_Handler                                      build/SWITCHBOOT_FEATHER/startup_samd21.o
Dummy_Handler                                     build/SWITCHBOOT_FEATHER/startup_samd21.o
EIC_Handler                                       build/SWITCHBOOT_FEATHER/startup_samd21.o
EVSYS_Handler                                     build/SWITCHBOOT_FEATHER/startup_samd21.o
HardFault_Handler                                 build/SWITCHBOOT_FEATHER/startup_samd21.o
I2S_Handler                                       build/SWITCHBOOT_FEATHER/startup_samd21.o
NMI_Handler                                       build/SWITCHBOOT_FEATHER/startup_samd21.o
NVMCTRL_Handler                                   build/SWITCHBOOT_FEATHER/startup_samd21.o
PM_Handler                                        build/SWITCHBOOT_FEATHER/startup_samd21.o
PTC_Handler                                       build/SWITCHBOOT_FEATHER/startup_samd21.o
PendSV_Handler                                    build/SWITCHBOOT_FEATHER/startup_samd21.o
RGBLED_set_color                                  build/SWITCHBOOT_FEATHER/utils.o
                                                  build/SWITCHBOOT_FEATHER/sam_ba_monitor.o
                                                  build/SWITCHBOOT_FEATHER/main.o
RTC_Handler                                       build/SWITCHBOOT_FEATHER/startup_samd21.o
Reset_Handler                                     build/SWITCHBOOT_FEATHER/startup_samd21.o
SERCOM0_Handler                                   build/SWITCHBOOT_FEATHER/startup_samd21.o
SERCOM1_Handler                                   build/SWITCHBOOT_FEATHER/startup_samd21.o
SERCOM2_Handler                                   build/SWITCHBOOT_FEATHER/startup_samd21.o
SERCOM3_Handler                                   build/SWITCHBOOT_FEATHER/startup_samd21.o
SERCOM4_Handler                                   build/SWITCHBOOT_FEATHER/startup_samd21.o
SERCOM5_Handler                                   build/SWITCHBOOT_FEATHER/startup_samd21.o
SVC_Handler                                       build/SWITCHBOOT_FEATHER/startup_samd21.o
SYSCTRL_Handler                                   build/SWITCHBOOT_FEATHER/startup_samd21.o
SysTick_Handler                                   build/SWITCHBOOT_FEATHER/init_samd21.o
TC3_Handler                                       build/SWITCHBOOT_FEATHER/startup_samd21.o
TC4_Handler                                       build/SWITCHBOOT_FEATHER/startup_samd21.o
TC5_Handler                                       build/SWITCHBOOT_FEATHER/startup_samd21.o
TCC0_Handler                                      build/SWITCHBOOT_FEATHER/startup_samd21.o
TCC1_Handler                                      build/SWITCHBOOT_FEATHER/startup_samd21.o
TCC2_Handler                                      build/SWITCHBOOT_FEATHER/startup_samd21.o
USB_Handler                                       build/SWITCHBOOT_FEATHER/startup_samd21.o
USB_Ok                                            build/SWITCHBOOT_FEATHER/cdc_enumerate.o
                                                  build/SWITCHBOOT_FEATHER/msc.o
                                                  build/SWITCHBOOT_FEATHER/main.o
USB_Read                                          build/SWITCHBOOT_FEATHER/cdc_enumerate.o
USB_ReadBlocking                                  build/SWITCHBOOT_FEATHER/cdc_enumerate.o
                                                  build/SWITCHBOOT_FEATHER/msc.o
USB_ReadCore                                      build/SWITCHBOOT_FEATHER/cdc_enumerate.o
                                                  build/SWITCHBOOT_FEATHER/hid.o
                                                  build/SWITCHBOOT_FEATHER/msc.o
USB_Write                                         build/SWITCHBOOT_FEATHER/cdc_enumerate.o
                                                  build/SWITCHBOOT_FEATHER/msc.o
USB_WriteCore                                     build/SWITCHBOOT_FEATHER/cdc_enumerate.o
                                                  build/SWITCHBOOT_FEATHER/hid.o
                                                  build/SWITCHBOOT_FEATHER/msc.o
WDT_Handler                                       build/SWITCHBOOT_FEATHER/startup_samd21.o
__gnu_thumb1_case_uqi                             c:/program files (x86)/gnu tools arm embedded/7 2017-q4-major/bin/../lib/gcc/arm-none-eabi/7.2.1/thumb/v6-m\libgcc.a(_thumb1_case_uqi.o)
                                                  build/SWITCHBOOT_FEATHER/hid.o
_erelocate                                        build/SWITCHBOOT_FEATHER/startup_samd21.o
_estack                                           build/SWITCHBOOT_FEATHER/startup_samd21.o
_etext                                            build/SWITCHBOOT_FEATHER/startup_samd21.o
_ezero                                            build/SWITCHBOOT_FEATHER/startup_samd21.o
_sfixed                                           build/SWITCHBOOT_FEATHER/startup_samd21.o
_srelocate                                        build/SWITCHBOOT_FEATHER/startup_samd21.o
_szero                                            build/SWITCHBOOT_FEATHER/startup_samd21.o
add_crc                                           build/SWITCHBOOT_FEATHER/usart_sam_ba.o
                                                  build/SWITCHBOOT_FEATHER/hid.o
                                                  build/SWITCHBOOT_FEATHER/sam_ba_monitor.o
b_sam_ba_interface_usart                          build/SWITCHBOOT_FEATHER/sam_ba_monitor.o
b_sharp_received                                  build/SWITCHBOOT_FEATHER/usart_sam_ba.o
binfo                                             build/SWITCHBOOT_FEATHER/msc.o
buffer_rx_usart                                   build/SWITCHBOOT_FEATHER/usart_sam_ba.o
buffer_tx_usart                                   build/SWITCHBOOT_FEATHER/usart_sam_ba.o
call_applet                                       build/SWITCHBOOT_FEATHER/sam_ba_monitor.o
cdc_is_rx_ready                                   build/SWITCHBOOT_FEATHER/cdc_enumerate.o
cdc_read_buf                                      build/SWITCHBOOT_FEATHER/cdc_enumerate.o
                                                  build/SWITCHBOOT_FEATHER/sam_ba_monitor.o
cdc_read_buf_xmd                                  build/SWITCHBOOT_FEATHER/cdc_enumerate.o
                                                  build/SWITCHBOOT_FEATHER/sam_ba_monitor.o
cdc_write_buf                                     build/SWITCHBOOT_FEATHER/cdc_enumerate.o
                                                  build/SWITCHBOOT_FEATHER/sam_ba_monitor.o
cdc_write_buf_xmd                                 build/SWITCHBOOT_FEATHER/cdc_enumerate.o
                                                  build/SWITCHBOOT_FEATHER/sam_ba_monitor.o
cfgDescriptor                                     build/SWITCHBOOT_FEATHER/cdc_enumerate.o
command                                           build/SWITCHBOOT_FEATHER/sam_ba_monitor.o
copy_words                                        build/SWITCHBOOT_FEATHER/flash_samd21.o
                                                  build/SWITCHBOOT_FEATHER/hid.o
ctrlOutCache                                      build/SWITCHBOOT_FEATHER/cdc_enumerate.o
current_number                                    build/SWITCHBOOT_FEATHER/sam_ba_monitor.o
data                                              build/SWITCHBOOT_FEATHER/sam_ba_monitor.o
delay                                             build/SWITCHBOOT_FEATHER/utils.o
                                                  build/SWITCHBOOT_FEATHER/main.o
devDescriptor                                     build/SWITCHBOOT_FEATHER/cdc_enumerate.o
endpointCache                                     build/SWITCHBOOT_FEATHER/cdc_enumerate.o
error_timeout                                     build/SWITCHBOOT_FEATHER/usart_sam_ba.o
exception_table                                   build/SWITCHBOOT_FEATHER/startup_samd21.o
flash_erase_row                                   build/SWITCHBOOT_FEATHER/flash_samd21.o
flash_erase_to_end                                build/SWITCHBOOT_FEATHER/flash_samd21.o
                                                  build/SWITCHBOOT_FEATHER/sam_ba_monitor.o
flash_write                                       build/SWITCHBOOT_FEATHER/flash_samd21.o
flash_write_row                                   build/SWITCHBOOT_FEATHER/flash_samd21.o
                                                  build/SWITCHBOOT_FEATHER/hid.o
                                                  build/SWITCHBOOT_FEATHER/fat.o
flash_write_words                                 build/SWITCHBOOT_FEATHER/flash_samd21.o
                                                  build/SWITCHBOOT_FEATHER/sam_ba_monitor.o
g_interrupt_enabled                               build/SWITCHBOOT_FEATHER/init_samd21.o
getPacket                                         build/SWITCHBOOT_FEATHER/usart_sam_ba.o
handoverPrep                                      build/SWITCHBOOT_FEATHER/msc.o
                                                  build/SWITCHBOOT_FEATHER/hid.o
hidCfgDescriptor                                  build/SWITCHBOOT_FEATHER/cdc_enumerate.o
hidDescriptor                                     build/SWITCHBOOT_FEATHER/cdc_enumerate.o
hidHandoverLoop                                   build/SWITCHBOOT_FEATHER/hid.o
                                                  build/SWITCHBOOT_FEATHER/msc.o
i                                                 build/SWITCHBOOT_FEATHER/sam_ba_monitor.o
idx_rx_read                                       build/SWITCHBOOT_FEATHER/usart_sam_ba.o
idx_rx_write                                      build/SWITCHBOOT_FEATHER/usart_sam_ba.o
idx_tx_read                                       build/SWITCHBOOT_FEATHER/usart_sam_ba.o
idx_tx_write                                      build/SWITCHBOOT_FEATHER/usart_sam_ba.o
indexFile                                         build/SWITCHBOOT_FEATHER/fat.o
infoUf2File                                       build/SWITCHBOOT_FEATHER/fat.o
                                                  build/SWITCHBOOT_FEATHER/hid.o
                                                  build/SWITCHBOOT_FEATHER/msc.o
j                                                 build/SWITCHBOOT_FEATHER/sam_ba_monitor.o
joycon_init                                       build/SWITCHBOOT_FEATHER/utils.o
                                                  build/SWITCHBOOT_FEATHER/main.o
led_init                                          build/SWITCHBOOT_FEATHER/utils.o
                                                  build/SWITCHBOOT_FEATHER/main.o
led_signal                                        build/SWITCHBOOT_FEATHER/utils.o
                                                  build/SWITCHBOOT_FEATHER/sam_ba_monitor.o
                                                  build/SWITCHBOOT_FEATHER/msc.o
led_tick                                          build/SWITCHBOOT_FEATHER/utils.o
                                                  build/SWITCHBOOT_FEATHER/init_samd21.o
led_tick_step                                     build/SWITCHBOOT_FEATHER/utils.o
                                                  build/SWITCHBOOT_FEATHER/main.o
length                                            build/SWITCHBOOT_FEATHER/sam_ba_monitor.o
main                                              build/SWITCHBOOT_FEATHER/main.o
                                                  build/SWITCHBOOT_FEATHER/startup_samd21.o
memcpy                                            c:/program files (x86)/gnu tools arm embedded/7 2017-q4-major/bin/../lib/gcc/arm-none-eabi/7.2.1/../../../../arm-none-eabi/lib/thumb/v6-m\libg_nano.a(lib_a-memcpy-stub.o)
                                                  build/SWITCHBOOT_FEATHER/hid.o
                                                  build/SWITCHBOOT_FEATHER/sam_ba_monitor.o
                                                  build/SWITCHBOOT_FEATHER/msc.o
                                                  build/SWITCHBOOT_FEATHER/fat.o
                                                  build/SWITCHBOOT_FEATHER/cdc_enumerate.o
memset                                            c:/program files (x86)/gnu tools arm embedded/7 2017-q4-major/bin/../lib/gcc/arm-none-eabi/7.2.1/../../../../arm-none-eabi/lib/thumb/v6-m\libg_nano.a(lib_a-memset.o)
                                                  build/SWITCHBOOT_FEATHER/hid.o
                                                  build/SWITCHBOOT_FEATHER/msc.o
                                                  build/SWITCHBOOT_FEATHER/fat.o
                                                  build/SWITCHBOOT_FEATHER/cdc_enumerate.o
mode_of_transfer                                  build/SWITCHBOOT_FEATHER/usart_sam_ba.o
mscReset                                          build/SWITCHBOOT_FEATHER/msc.o
msc_reset                                         build/SWITCHBOOT_FEATHER/msc.o
padded_memcpy                                     build/SWITCHBOOT_FEATHER/fat.o
                                                  build/SWITCHBOOT_FEATHER/msc.o
panic                                             build/SWITCHBOOT_FEATHER/utils.o
process_core                                      build/SWITCHBOOT_FEATHER/hid.o
process_hid                                       build/SWITCHBOOT_FEATHER/hid.o
                                                  build/SWITCHBOOT_FEATHER/msc.o
process_msc                                       build/SWITCHBOOT_FEATHER/msc.o
                                                  build/SWITCHBOOT_FEATHER/sam_ba_monitor.o
ptr                                               build/SWITCHBOOT_FEATHER/sam_ba_monitor.o
ptr_data                                          build/SWITCHBOOT_FEATHER/sam_ba_monitor.o
put_uint32                                        build/SWITCHBOOT_FEATHER/sam_ba_monitor.o
read_block                                        build/SWITCHBOOT_FEATHER/fat.o
                                                  build/SWITCHBOOT_FEATHER/msc.o
recv_hf2                                          build/SWITCHBOOT_FEATHER/hid.o
resetHorizon                                      build/SWITCHBOOT_FEATHER/utils.o
                                                  build/SWITCHBOOT_FEATHER/main.o
                                                  build/SWITCHBOOT_FEATHER/fat.o
resetIntoApp                                      build/SWITCHBOOT_FEATHER/utils.o
                                                  build/SWITCHBOOT_FEATHER/hid.o
                                                  build/SWITCHBOOT_FEATHER/msc.o
resetIntoBootloader                               build/SWITCHBOOT_FEATHER/utils.o
                                                  build/SWITCHBOOT_FEATHER/hid.o
                                                  build/SWITCHBOOT_FEATHER/msc.o
reset_ep                                          build/SWITCHBOOT_FEATHER/cdc_enumerate.o
                                                  build/SWITCHBOOT_FEATHER/msc.o
sam_ba_monitor_init                               build/SWITCHBOOT_FEATHER/sam_ba_monitor.o
sam_ba_monitor_run                                build/SWITCHBOOT_FEATHER/sam_ba_monitor.o
                                                  build/SWITCHBOOT_FEATHER/main.o
sam_ba_putdata_term                               build/SWITCHBOOT_FEATHER/sam_ba_monitor.o
send_hf2                                          build/SWITCHBOOT_FEATHER/hid.o
send_hf2_response                                 build/SWITCHBOOT_FEATHER/hid.o
size_of_data                                      build/SWITCHBOOT_FEATHER/usart_sam_ba.o
sp                                                build/SWITCHBOOT_FEATHER/sam_ba_monitor.o
stall_ep                                          build/SWITCHBOOT_FEATHER/cdc_enumerate.o
                                                  build/SWITCHBOOT_FEATHER/msc.o
strlen                                            c:/program files (x86)/gnu tools arm embedded/7 2017-q4-major/bin/../lib/gcc/arm-none-eabi/7.2.1/../../../../arm-none-eabi/lib/thumb/v6-m\libg_nano.a(lib_a-strlen.o)
                                                  build/SWITCHBOOT_FEATHER/hid.o
                                                  build/SWITCHBOOT_FEATHER/fat.o
                                                  build/SWITCHBOOT_FEATHER/cdc_enumerate.o
system_init                                       build/SWITCHBOOT_FEATHER/init_samd21.o
                                                  build/SWITCHBOOT_FEATHER/main.o
timerHigh                                         build/SWITCHBOOT_FEATHER/utils.o
                                                  build/SWITCHBOOT_FEATHER/main.o
                                                  build/SWITCHBOOT_FEATHER/fat.o
timerTick                                         build/SWITCHBOOT_FEATHER/utils.o
                                                  build/SWITCHBOOT_FEATHER/cdc_enumerate.o
try_read_cbw                                      build/SWITCHBOOT_FEATHER/msc.o
u32tmp                                            build/SWITCHBOOT_FEATHER/sam_ba_monitor.o
uart_basic_init                                   build/SWITCHBOOT_FEATHER/uart_driver.o
                                                  build/SWITCHBOOT_FEATHER/usart_sam_ba.o
uart_disable                                      build/SWITCHBOOT_FEATHER/uart_driver.o
                                                  build/SWITCHBOOT_FEATHER/usart_sam_ba.o
uart_drv_error_flag                               build/SWITCHBOOT_FEATHER/uart_driver.o
uart_get_sercom_index                             build/SWITCHBOOT_FEATHER/uart_driver.o
                                                  build/SWITCHBOOT_FEATHER/usart_sam_ba.o
uart_read_buffer_polled                           build/SWITCHBOOT_FEATHER/uart_driver.o
uart_read_byte                                    build/SWITCHBOOT_FEATHER/uart_driver.o
                                                  build/SWITCHBOOT_FEATHER/usart_sam_ba.o
uart_write_buffer_polled                          build/SWITCHBOOT_FEATHER/uart_driver.o
uart_write_byte                                   build/SWITCHBOOT_FEATHER/uart_driver.o
                                                  build/SWITCHBOOT_FEATHER/usart_sam_ba.o
udd_ep_set_halt                                   build/SWITCHBOOT_FEATHER/msc.o
udi_msc_csw_send                                  build/SWITCHBOOT_FEATHER/msc.o
usart_close                                       build/SWITCHBOOT_FEATHER/usart_sam_ba.o
usart_getc                                        build/SWITCHBOOT_FEATHER/usart_sam_ba.o
usart_getdata                                     build/SWITCHBOOT_FEATHER/usart_sam_ba.o
usart_getdata_xmd                                 build/SWITCHBOOT_FEATHER/usart_sam_ba.o
usart_is_rx_ready                                 build/SWITCHBOOT_FEATHER/usart_sam_ba.o
usart_open                                        build/SWITCHBOOT_FEATHER/usart_sam_ba.o
usart_putc                                        build/SWITCHBOOT_FEATHER/usart_sam_ba.o
usart_putdata                                     build/SWITCHBOOT_FEATHER/usart_sam_ba.o
usart_putdata_xmd                                 build/SWITCHBOOT_FEATHER/usart_sam_ba.o
usart_readc                                       build/SWITCHBOOT_FEATHER/usart_sam_ba.o
usart_sharp_received                              build/SWITCHBOOT_FEATHER/usart_sam_ba.o
usb_endpoint_table                                build/SWITCHBOOT_FEATHER/cdc_enumerate.o
usb_init                                          build/SWITCHBOOT_FEATHER/cdc_enumerate.o
                                                  build/SWITCHBOOT_FEATHER/main.o
writeNum                                          build/SWITCHBOOT_FEATHER/utils.o
                                                  build/SWITCHBOOT_FEATHER/sam_ba_monitor.o
                                                  build/SWITCHBOOT_FEATHER/cdc_enumerate.o
write_block                                       build/SWITCHBOOT_FEATHER/fat.o
                                                  build/SWITCHBOOT_FEATHER/msc.o
