Archive member included to satisfy reference by file (symbol)

c:/program files (x86)/gnu tools arm embedded/7 2017-q4-major/bin/../lib/gcc/arm-none-eabi/7.2.1/../../../../arm-none-eabi/lib/thumb/v6-m\libg_nano.a(lib_a-memcpy-stub.o)
                              build/SWITCHBOOT_FEATHER/selfmain.o (memcpy)

Allocating common symbols
Common symbol       size              file

b_sharp_received    0x1               build/SWITCHBOOT_FEATHER/usart_sam_ba.o
timerHigh           0x4               build/SWITCHBOOT_FEATHER/utils.o
idx_rx_write        0x1               build/SWITCHBOOT_FEATHER/usart_sam_ba.o
size_of_data        0x2               build/SWITCHBOOT_FEATHER/usart_sam_ba.o
resetHorizon        0x4               build/SWITCHBOOT_FEATHER/utils.o
idx_tx_read         0x1               build/SWITCHBOOT_FEATHER/usart_sam_ba.o
buffer_tx_usart     0x80              build/SWITCHBOOT_FEATHER/usart_sam_ba.o
error_timeout       0x1               build/SWITCHBOOT_FEATHER/usart_sam_ba.o
mode_of_transfer    0x1               build/SWITCHBOOT_FEATHER/usart_sam_ba.o
idx_rx_read         0x1               build/SWITCHBOOT_FEATHER/usart_sam_ba.o
pageBuf             0x100             build/SWITCHBOOT_FEATHER/selfmain.o
idx_tx_write        0x1               build/SWITCHBOOT_FEATHER/usart_sam_ba.o
buffer_rx_usart     0x80              build/SWITCHBOOT_FEATHER/usart_sam_ba.o

Discarded input sections

 .text          0x00000000        0x0 build/SWITCHBOOT_FEATHER/flash_samd21.o
 .data          0x00000000        0x0 build/SWITCHBOOT_FEATHER/flash_samd21.o
 .bss           0x00000000        0x0 build/SWITCHBOOT_FEATHER/flash_samd21.o
 .text.flash_erase_to_end
                0x00000000       0x1c build/SWITCHBOOT_FEATHER/flash_samd21.o
 .text.copy_words
                0x00000000       0x14 build/SWITCHBOOT_FEATHER/flash_samd21.o
 .text.flash_write
                0x00000000       0x9c build/SWITCHBOOT_FEATHER/flash_samd21.o
 .text          0x00000000        0x0 build/SWITCHBOOT_FEATHER/init_samd21.o
 .data          0x00000000        0x0 build/SWITCHBOOT_FEATHER/init_samd21.o
 .bss           0x00000000        0x0 build/SWITCHBOOT_FEATHER/init_samd21.o
 .data.g_interrupt_enabled
                0x00000000        0x1 build/SWITCHBOOT_FEATHER/init_samd21.o
 .text          0x00000000        0x0 build/SWITCHBOOT_FEATHER/startup_samd21.o
 .data          0x00000000        0x0 build/SWITCHBOOT_FEATHER/startup_samd21.o
 .bss           0x00000000        0x0 build/SWITCHBOOT_FEATHER/startup_samd21.o
 .text          0x00000000        0x0 build/SWITCHBOOT_FEATHER/usart_sam_ba.o
 .data          0x00000000        0x0 build/SWITCHBOOT_FEATHER/usart_sam_ba.o
 .bss           0x00000000        0x0 build/SWITCHBOOT_FEATHER/usart_sam_ba.o
 .text.usart_open
                0x00000000       0xbc build/SWITCHBOOT_FEATHER/usart_sam_ba.o
 .text.usart_close
                0x00000000       0x10 build/SWITCHBOOT_FEATHER/usart_sam_ba.o
 .text.usart_putc
                0x00000000       0x14 build/SWITCHBOOT_FEATHER/usart_sam_ba.o
 .text.usart_is_rx_ready
                0x00000000       0x10 build/SWITCHBOOT_FEATHER/usart_sam_ba.o
 .text.usart_getc
                0x00000000       0x18 build/SWITCHBOOT_FEATHER/usart_sam_ba.o
 .text.usart_sharp_received
                0x00000000       0x1a build/SWITCHBOOT_FEATHER/usart_sam_ba.o
 .text.usart_readc
                0x00000000       0x20 build/SWITCHBOOT_FEATHER/usart_sam_ba.o
 .text.usart_putdata
                0x00000000       0x1a build/SWITCHBOOT_FEATHER/usart_sam_ba.o
 .text.usart_getdata
                0x00000000        0xe build/SWITCHBOOT_FEATHER/usart_sam_ba.o
 .text.getbytes
                0x00000000       0x64 build/SWITCHBOOT_FEATHER/usart_sam_ba.o
 .text.getPacket
                0x00000000       0x70 build/SWITCHBOOT_FEATHER/usart_sam_ba.o
 .text.usart_putdata_xmd
                0x00000000      0x10c build/SWITCHBOOT_FEATHER/usart_sam_ba.o
 .text.usart_getdata_xmd
                0x00000000       0xa4 build/SWITCHBOOT_FEATHER/usart_sam_ba.o
 COMMON         0x00000000      0x109 build/SWITCHBOOT_FEATHER/usart_sam_ba.o
 .text          0x00000000        0x0 build/SWITCHBOOT_FEATHER/utils.o
 .data          0x00000000        0x0 build/SWITCHBOOT_FEATHER/utils.o
 .bss           0x00000000        0x0 build/SWITCHBOOT_FEATHER/utils.o
 .text.writeNum
                0x00000000       0x38 build/SWITCHBOOT_FEATHER/utils.o
 .text.led_signal
                0x00000000       0x2c build/SWITCHBOOT_FEATHER/utils.o
 .text.joycon_init
                0x00000000       0x18 build/SWITCHBOOT_FEATHER/utils.o
 .text.timerTick
                0x00000000       0x40 build/SWITCHBOOT_FEATHER/utils.o
 .bss.timerLow  0x00000000        0x4 build/SWITCHBOOT_FEATHER/utils.o
 COMMON         0x00000000        0x8 build/SWITCHBOOT_FEATHER/utils.o
 .text          0x00000000        0x0 build/SWITCHBOOT_FEATHER/selfmain.o
 .data          0x00000000        0x0 build/SWITCHBOOT_FEATHER/selfmain.o
 .bss           0x00000000        0x0 build/SWITCHBOOT_FEATHER/selfmain.o
 .text          0x00000000        0x0 build/SWITCHBOOT_FEATHER/selfdata.o
 .data          0x00000000        0x0 build/SWITCHBOOT_FEATHER/selfdata.o
 .bss           0x00000000        0x0 build/SWITCHBOOT_FEATHER/selfdata.o
 .text          0x00000000        0x0 c:/program files (x86)/gnu tools arm embedded/7 2017-q4-major/bin/../lib/gcc/arm-none-eabi/7.2.1/../../../../arm-none-eabi/lib/thumb/v6-m\libg_nano.a(lib_a-memcpy-stub.o)
 .data          0x00000000        0x0 c:/program files (x86)/gnu tools arm embedded/7 2017-q4-major/bin/../lib/gcc/arm-none-eabi/7.2.1/../../../../arm-none-eabi/lib/thumb/v6-m\libg_nano.a(lib_a-memcpy-stub.o)
 .bss           0x00000000        0x0 c:/program files (x86)/gnu tools arm embedded/7 2017-q4-major/bin/../lib/gcc/arm-none-eabi/7.2.1/../../../../arm-none-eabi/lib/thumb/v6-m\libg_nano.a(lib_a-memcpy-stub.o)

Memory Configuration

Name             Origin             Length             Attributes
rom              0x00002000         0x00020000         xr
ram              0x20000000         0x00008000         xrw
*default*        0x00000000         0xffffffff

Linker script and memory map

LOAD build/SWITCHBOOT_FEATHER/flash_samd21.o
LOAD build/SWITCHBOOT_FEATHER/init_samd21.o
LOAD build/SWITCHBOOT_FEATHER/startup_samd21.o
LOAD build/SWITCHBOOT_FEATHER/usart_sam_ba.o
LOAD build/SWITCHBOOT_FEATHER/utils.o
LOAD build/SWITCHBOOT_FEATHER/selfmain.o
LOAD build/SWITCHBOOT_FEATHER/selfdata.o
START GROUP
LOAD c:/program files (x86)/gnu tools arm embedded/7 2017-q4-major/bin/../lib/gcc/arm-none-eabi/7.2.1/thumb/v6-m\libgcc.a
LOAD c:/program files (x86)/gnu tools arm embedded/7 2017-q4-major/bin/../lib/gcc/arm-none-eabi/7.2.1/../../../../arm-none-eabi/lib/thumb/v6-m\libg_nano.a
LOAD c:/program files (x86)/gnu tools arm embedded/7 2017-q4-major/bin/../lib/gcc/arm-none-eabi/7.2.1/../../../../arm-none-eabi/lib/thumb/v6-m\libc_nano.a
END GROUP
START GROUP
LOAD c:/program files (x86)/gnu tools arm embedded/7 2017-q4-major/bin/../lib/gcc/arm-none-eabi/7.2.1/thumb/v6-m\libgcc.a
LOAD c:/program files (x86)/gnu tools arm embedded/7 2017-q4-major/bin/../lib/gcc/arm-none-eabi/7.2.1/../../../../arm-none-eabi/lib/thumb/v6-m\libc_nano.a
LOAD c:/program files (x86)/gnu tools arm embedded/7 2017-q4-major/bin/../lib/gcc/arm-none-eabi/7.2.1/../../../../arm-none-eabi/lib/thumb/v6-m\libnosys.a
END GROUP
START GROUP
LOAD c:/program files (x86)/gnu tools arm embedded/7 2017-q4-major/bin/../lib/gcc/arm-none-eabi/7.2.1/thumb/v6-m\libgcc.a
LOAD c:/program files (x86)/gnu tools arm embedded/7 2017-q4-major/bin/../lib/gcc/arm-none-eabi/7.2.1/../../../../arm-none-eabi/lib/thumb/v6-m\libc_nano.a
LOAD c:/program files (x86)/gnu tools arm embedded/7 2017-q4-major/bin/../lib/gcc/arm-none-eabi/7.2.1/../../../../arm-none-eabi/lib/thumb/v6-m\libnosys.a
END GROUP
                0x00002000                STACK_SIZE = DEFINED (STACK_SIZE)?STACK_SIZE:DEFINED (__stack_size__)?__stack_size__:0x2000

.text           0x00002000     0x2654
                0x00002000                . = ALIGN (0x4)
                0x00002000                _sfixed = .
 *(.vectors .vectors.*)
 .vectors       0x00002000       0xb4 build/SWITCHBOOT_FEATHER/startup_samd21.o
                0x00002000                exception_table
 *(.text .text.* .gnu.linkonce.t.*)
 .text.flash_erase_row
                0x000020b4       0x28 build/SWITCHBOOT_FEATHER/flash_samd21.o
                0x000020b4                flash_erase_row
 .text.flash_write_words
                0x000020dc       0x54 build/SWITCHBOOT_FEATHER/flash_samd21.o
                0x000020dc                flash_write_words
 .text.flash_write_row
                0x00002130       0x2e build/SWITCHBOOT_FEATHER/flash_samd21.o
                0x00002130                flash_write_row
 *fill*         0x0000215e        0x2 
 .text.gclk_sync
                0x00002160       0x10 build/SWITCHBOOT_FEATHER/init_samd21.o
 .text.dfll_sync
                0x00002170       0x10 build/SWITCHBOOT_FEATHER/init_samd21.o
 .text.system_init
                0x00002180       0xcc build/SWITCHBOOT_FEATHER/init_samd21.o
                0x00002180                system_init
 .text.SysTick_Handler
                0x0000224c        0x8 build/SWITCHBOOT_FEATHER/init_samd21.o
                0x0000224c                SysTick_Handler
 .text.Dummy_Handler
                0x00002254        0x2 build/SWITCHBOOT_FEATHER/startup_samd21.o
                0x00002254                DMAC_Handler
                0x00002254                AC_Handler
                0x00002254                PendSV_Handler
                0x00002254                NMI_Handler
                0x00002254                SERCOM1_Handler
                0x00002254                ADC_Handler
                0x00002254                TCC1_Handler
                0x00002254                SERCOM2_Handler
                0x00002254                TCC0_Handler
                0x00002254                RTC_Handler
                0x00002254                EIC_Handler
                0x00002254                WDT_Handler
                0x00002254                TC4_Handler
                0x00002254                USB_Handler
                0x00002254                TC3_Handler
                0x00002254                Dummy_Handler
                0x00002254                PM_Handler
                0x00002254                SERCOM5_Handler
                0x00002254                SVC_Handler
                0x00002254                TCC2_Handler
                0x00002254                EVSYS_Handler
                0x00002254                SERCOM3_Handler
                0x00002254                SERCOM4_Handler
                0x00002254                I2S_Handler
                0x00002254                NVMCTRL_Handler
                0x00002254                SERCOM0_Handler
                0x00002254                DAC_Handler
                0x00002254                PTC_Handler
                0x00002254                TC5_Handler
                0x00002254                SYSCTRL_Handler
 .text.HardFault_Handler
                0x00002256        0x2 build/SWITCHBOOT_FEATHER/startup_samd21.o
                0x00002256                HardFault_Handler
 .text.Reset_Handler
                0x00002258       0xb0 build/SWITCHBOOT_FEATHER/startup_samd21.o
                0x00002258                Reset_Handler
 .text.add_crc  0x00002308       0x54 build/SWITCHBOOT_FEATHER/usart_sam_ba.o
                0x00002308                add_crc
 .text.neopixel_send_buffer_core
                0x0000235c       0x36 build/SWITCHBOOT_FEATHER/utils.o
 .text.delay    0x00002392       0x10 build/SWITCHBOOT_FEATHER/utils.o
                0x00002392                delay
 .text.panic    0x000023a2        0x2 build/SWITCHBOOT_FEATHER/utils.o
                0x000023a2                panic
 .text.resetIntoBootloader
                0x000023a4       0x28 build/SWITCHBOOT_FEATHER/utils.o
                0x000023a4                resetIntoBootloader
 .text.led_tick
                0x000023cc       0x80 build/SWITCHBOOT_FEATHER/utils.o
                0x000023cc                led_tick
 .text.led_init
                0x0000244c       0x10 build/SWITCHBOOT_FEATHER/utils.o
                0x0000244c                led_init
 .text.RGBLED_set_color
                0x0000245c       0x4c build/SWITCHBOOT_FEATHER/utils.o
                0x0000245c                RGBLED_set_color
 .text.resetIntoApp
                0x000024a8       0x30 build/SWITCHBOOT_FEATHER/utils.o
                0x000024a8                resetIntoApp
 .text.setBootProt
                0x000024d8       0x98 build/SWITCHBOOT_FEATHER/selfmain.o
                0x000024d8                setBootProt
 .text.startup.main
                0x00002570       0xc0 build/SWITCHBOOT_FEATHER/selfmain.o
                0x00002570                main
 .text.memcpy   0x00002630       0x12 c:/program files (x86)/gnu tools arm embedded/7 2017-q4-major/bin/../lib/gcc/arm-none-eabi/7.2.1/../../../../arm-none-eabi/lib/thumb/v6-m\libg_nano.a(lib_a-memcpy-stub.o)
                0x00002630                memcpy
 *(.glue_7t)
 .glue_7t       0x00002642        0x0 linker stubs
 *(.glue_7)
 .glue_7        0x00002642        0x0 linker stubs
 *(.rodata .rodata* .gnu.linkonce.r.*)
 *fill*         0x00002642        0x2 
 .rodata.bootloader
                0x00002644     0x2000 build/SWITCHBOOT_FEATHER/selfdata.o
                0x00002644                bootloader
 .rodata.bootloader_crcs
                0x00004644       0x10 build/SWITCHBOOT_FEATHER/selfdata.o
                0x00004644                bootloader_crcs
 *(.ARM.extab* .gnu.linkonce.armextab.*)
                0x00004654                . = ALIGN (0x4)
 *(.init)
                0x00004654                . = ALIGN (0x4)
                0x00004654                __preinit_array_start = .
 *(.preinit_array)
                0x00004654                __preinit_array_end = .
                0x00004654                . = ALIGN (0x4)
                0x00004654                __init_array_start = .
 *(SORT_BY_NAME(.init_array.*))
 *(.init_array)
                0x00004654                __init_array_end = .
                0x00004654                . = ALIGN (0x4)
 *crtbegin.o(.ctors)
 *(EXCLUDE_FILE(*crtend.o) .ctors)
 *(SORT_BY_NAME(.ctors.*))
 *crtend.o(.ctors)
                0x00004654                . = ALIGN (0x4)
                0x00004654                _efixed = .
                [!provide]                PROVIDE (__exidx_start, .)

.vfp11_veneer   0x00004654        0x0
 .vfp11_veneer  0x00004654        0x0 linker stubs

.v4_bx          0x00004654        0x0
 .v4_bx         0x00004654        0x0 linker stubs

.iplt           0x00004654        0x0
 .iplt          0x00004654        0x0 build/SWITCHBOOT_FEATHER/flash_samd21.o

.igot.plt       0x00004654        0x0
 .igot.plt      0x00004654        0x0 build/SWITCHBOOT_FEATHER/flash_samd21.o

.rel.dyn        0x00004654        0x0
 .rel.iplt      0x00004654        0x0 build/SWITCHBOOT_FEATHER/flash_samd21.o

.ARM.exidx
 *(.ARM.exidx* .gnu.linkonce.armexidx.*)
                [!provide]                PROVIDE (__exidx_end, .)
                0x00004654                . = ALIGN (0x4)
                0x00004654                _etext = .

.relocate       0x20000000        0x4 load address 0x00004654
                0x20000000                . = ALIGN (0x4)
                0x20000000                _srelocate = .
 *(.ramfunc .ramfunc.*)
 *(.data .data.*)
 .data.led_tick_step
                0x20000000        0x1 build/SWITCHBOOT_FEATHER/utils.o
                0x20000000                led_tick_step
 .data.limit    0x20000001        0x1 build/SWITCHBOOT_FEATHER/utils.o
                0x20000004                . = ALIGN (0x4)
 *fill*         0x20000002        0x2 
                0x20000004                _erelocate = .

.bss            0x20000004      0x308 load address 0x00004658
                0x20000004                . = ALIGN (0x4)
                0x20000004                _sbss = .
                0x20000004                _szero = .
 *(.bss .bss.*)
 .bss.crcCache  0x20000004      0x200 build/SWITCHBOOT_FEATHER/usart_sam_ba.o
 .bss.now       0x20000204        0x4 build/SWITCHBOOT_FEATHER/utils.o
 .bss.signal_end
                0x20000208        0x4 build/SWITCHBOOT_FEATHER/utils.o
 *(COMMON)
 COMMON         0x2000020c      0x100 build/SWITCHBOOT_FEATHER/selfmain.o
                0x2000020c                pageBuf
                0x2000030c                . = ALIGN (0x4)
                0x2000030c                _ebss = .
                0x2000030c                _ezero = .

.stack          0x2000030c     0x2004 load address 0x00004960
                0x20000310                . = ALIGN (0x8)
 *fill*         0x2000030c        0x4 
                0x20000310                _sstack = .
                0x20002310                . = (. + STACK_SIZE)
 *fill*         0x20000310     0x2000 
                0x20002310                . = ALIGN (0x8)
                0x20002310                _estack = .
                0x20002310                . = ALIGN (0x4)
                0x20002310                _end = .
OUTPUT(build/SWITCHBOOT_FEATHER/update-bootloader-SWITCHBOOT_FEATHER-189c231.elf elf32-littlearm)

.debug_info     0x00000000     0xd185
 .debug_info    0x00000000      0xfa6 build/SWITCHBOOT_FEATHER/flash_samd21.o
 .debug_info    0x00000fa6     0x2335 build/SWITCHBOOT_FEATHER/init_samd21.o
 .debug_info    0x000032db     0x35c5 build/SWITCHBOOT_FEATHER/startup_samd21.o
 .debug_info    0x000068a0     0x3d04 build/SWITCHBOOT_FEATHER/usart_sam_ba.o
 .debug_info    0x0000a5a4     0x1430 build/SWITCHBOOT_FEATHER/utils.o
 .debug_info    0x0000b9d4     0x16c8 build/SWITCHBOOT_FEATHER/selfmain.o
 .debug_info    0x0000d09c       0xe9 build/SWITCHBOOT_FEATHER/selfdata.o

.debug_abbrev   0x00000000     0x14ac
 .debug_abbrev  0x00000000      0x2c1 build/SWITCHBOOT_FEATHER/flash_samd21.o
 .debug_abbrev  0x000002c1      0x32c build/SWITCHBOOT_FEATHER/init_samd21.o
 .debug_abbrev  0x000005ed      0x25b build/SWITCHBOOT_FEATHER/startup_samd21.o
 .debug_abbrev  0x00000848      0x48b build/SWITCHBOOT_FEATHER/usart_sam_ba.o
 .debug_abbrev  0x00000cd3      0x42a build/SWITCHBOOT_FEATHER/utils.o
 .debug_abbrev  0x000010fd      0x335 build/SWITCHBOOT_FEATHER/selfmain.o
 .debug_abbrev  0x00001432       0x7a build/SWITCHBOOT_FEATHER/selfdata.o

.debug_loc      0x00000000      0xf48
 .debug_loc     0x00000000      0x3a6 build/SWITCHBOOT_FEATHER/flash_samd21.o
 .debug_loc     0x000003a6       0x78 build/SWITCHBOOT_FEATHER/init_samd21.o
 .debug_loc     0x0000041e       0x2b build/SWITCHBOOT_FEATHER/startup_samd21.o
 .debug_loc     0x00000449      0x7d4 build/SWITCHBOOT_FEATHER/usart_sam_ba.o
 .debug_loc     0x00000c1d      0x1c2 build/SWITCHBOOT_FEATHER/utils.o
 .debug_loc     0x00000ddf      0x169 build/SWITCHBOOT_FEATHER/selfmain.o

.debug_aranges  0x00000000      0x1f0
 .debug_aranges
                0x00000000       0x48 build/SWITCHBOOT_FEATHER/flash_samd21.o
 .debug_aranges
                0x00000048       0x38 build/SWITCHBOOT_FEATHER/init_samd21.o
 .debug_aranges
                0x00000080       0x30 build/SWITCHBOOT_FEATHER/startup_samd21.o
 .debug_aranges
                0x000000b0       0x88 build/SWITCHBOOT_FEATHER/usart_sam_ba.o
 .debug_aranges
                0x00000138       0x78 build/SWITCHBOOT_FEATHER/utils.o
 .debug_aranges
                0x000001b0       0x28 build/SWITCHBOOT_FEATHER/selfmain.o
 .debug_aranges
                0x000001d8       0x18 build/SWITCHBOOT_FEATHER/selfdata.o

.debug_ranges   0x00000000      0x248
 .debug_ranges  0x00000000       0x70 build/SWITCHBOOT_FEATHER/flash_samd21.o
 .debug_ranges  0x00000070       0x48 build/SWITCHBOOT_FEATHER/init_samd21.o
 .debug_ranges  0x000000b8       0x20 build/SWITCHBOOT_FEATHER/startup_samd21.o
 .debug_ranges  0x000000d8       0x78 build/SWITCHBOOT_FEATHER/usart_sam_ba.o
 .debug_ranges  0x00000150       0xe0 build/SWITCHBOOT_FEATHER/utils.o
 .debug_ranges  0x00000230       0x18 build/SWITCHBOOT_FEATHER/selfmain.o

.debug_line     0x00000000     0x153e
 .debug_line    0x00000000      0x2f5 build/SWITCHBOOT_FEATHER/flash_samd21.o
 .debug_line    0x000002f5      0x2fe build/SWITCHBOOT_FEATHER/init_samd21.o
 .debug_line    0x000005f3      0x21c build/SWITCHBOOT_FEATHER/startup_samd21.o
 .debug_line    0x0000080f      0x48b build/SWITCHBOOT_FEATHER/usart_sam_ba.o
 .debug_line    0x00000c9a      0x436 build/SWITCHBOOT_FEATHER/utils.o
 .debug_line    0x000010d0      0x355 build/SWITCHBOOT_FEATHER/selfmain.o
 .debug_line    0x00001425      0x119 build/SWITCHBOOT_FEATHER/selfdata.o

.debug_str      0x00000000     0x2b5a
 .debug_str     0x00000000      0x75f build/SWITCHBOOT_FEATHER/flash_samd21.o
                                0x822 (size before relaxing)
 .debug_str     0x0000075f      0x6f4 build/SWITCHBOOT_FEATHER/init_samd21.o
                                0xeb2 (size before relaxing)
 .debug_str     0x00000e53      0xedd build/SWITCHBOOT_FEATHER/startup_samd21.o
                               0x1375 (size before relaxing)
 .debug_str     0x00001d30      0xc4f build/SWITCHBOOT_FEATHER/usart_sam_ba.o
                               0x13ed (size before relaxing)
 .debug_str     0x0000297f      0x14d build/SWITCHBOOT_FEATHER/utils.o
                                0x919 (size before relaxing)
 .debug_str     0x00002acc       0x6a build/SWITCHBOOT_FEATHER/selfmain.o
                                0xa15 (size before relaxing)
 .debug_str     0x00002b36       0x24 build/SWITCHBOOT_FEATHER/selfdata.o
                                0x1fa (size before relaxing)

.comment        0x00000000       0x7e
 .comment       0x00000000       0x7e build/SWITCHBOOT_FEATHER/flash_samd21.o
                                 0x7f (size before relaxing)
 .comment       0x0000007e       0x7f build/SWITCHBOOT_FEATHER/init_samd21.o
 .comment       0x0000007e       0x7f build/SWITCHBOOT_FEATHER/startup_samd21.o
 .comment       0x0000007e       0x7f build/SWITCHBOOT_FEATHER/usart_sam_ba.o
 .comment       0x0000007e       0x7f build/SWITCHBOOT_FEATHER/utils.o
 .comment       0x0000007e       0x7f build/SWITCHBOOT_FEATHER/selfmain.o
 .comment       0x0000007e       0x7f build/SWITCHBOOT_FEATHER/selfdata.o

.ARM.attributes
                0x00000000       0x32
 .ARM.attributes
                0x00000000       0x32 build/SWITCHBOOT_FEATHER/flash_samd21.o
 .ARM.attributes
                0x00000032       0x32 build/SWITCHBOOT_FEATHER/init_samd21.o
 .ARM.attributes
                0x00000064       0x32 build/SWITCHBOOT_FEATHER/startup_samd21.o
 .ARM.attributes
                0x00000096       0x32 build/SWITCHBOOT_FEATHER/usart_sam_ba.o
 .ARM.attributes
                0x000000c8       0x32 build/SWITCHBOOT_FEATHER/utils.o
 .ARM.attributes
                0x000000fa       0x32 build/SWITCHBOOT_FEATHER/selfmain.o
 .ARM.attributes
                0x0000012c       0x32 build/SWITCHBOOT_FEATHER/selfdata.o
 .ARM.attributes
                0x0000015e       0x2c c:/program files (x86)/gnu tools arm embedded/7 2017-q4-major/bin/../lib/gcc/arm-none-eabi/7.2.1/../../../../arm-none-eabi/lib/thumb/v6-m\libg_nano.a(lib_a-memcpy-stub.o)

.debug_frame    0x00000000      0x47c
 .debug_frame   0x00000000       0xb4 build/SWITCHBOOT_FEATHER/flash_samd21.o
 .debug_frame   0x000000b4       0x68 build/SWITCHBOOT_FEATHER/init_samd21.o
 .debug_frame   0x0000011c       0x4c build/SWITCHBOOT_FEATHER/startup_samd21.o
 .debug_frame   0x00000168      0x184 build/SWITCHBOOT_FEATHER/usart_sam_ba.o
 .debug_frame   0x000002ec      0x110 build/SWITCHBOOT_FEATHER/utils.o
 .debug_frame   0x000003fc       0x58 build/SWITCHBOOT_FEATHER/selfmain.o
 .debug_frame   0x00000454       0x28 c:/program files (x86)/gnu tools arm embedded/7 2017-q4-major/bin/../lib/gcc/arm-none-eabi/7.2.1/../../../../arm-none-eabi/lib/thumb/v6-m\libg_nano.a(lib_a-memcpy-stub.o)

Cross Reference Table

Symbol                                            File
AC_Handler                                        build/SWITCHBOOT_FEATHER/startup_samd21.o
ADC_Handler                                       build/SWITCHBOOT_FEATHER/startup_samd21.o
DAC_Handler                                       build/SWITCHBOOT_FEATHER/startup_samd21.o
DMAC_Handler                                      build/SWITCHBOOT_FEATHER/startup_samd21.o
Dummy_Handler                                     build/SWITCHBOOT_FEATHER/startup_samd21.o
EIC_Handler                                       build/SWITCHBOOT_FEATHER/startup_samd21.o
EVSYS_Handler                                     build/SWITCHBOOT_FEATHER/startup_samd21.o
HardFault_Handler                                 build/SWITCHBOOT_FEATHER/startup_samd21.o
I2S_Handler                                       build/SWITCHBOOT_FEATHER/startup_samd21.o
NMI_Handler                                       build/SWITCHBOOT_FEATHER/startup_samd21.o
NVMCTRL_Handler                                   build/SWITCHBOOT_FEATHER/startup_samd21.o
PM_Handler                                        build/SWITCHBOOT_FEATHER/startup_samd21.o
PTC_Handler                                       build/SWITCHBOOT_FEATHER/startup_samd21.o
PendSV_Handler                                    build/SWITCHBOOT_FEATHER/startup_samd21.o
RGBLED_set_color                                  build/SWITCHBOOT_FEATHER/utils.o
RTC_Handler                                       build/SWITCHBOOT_FEATHER/startup_samd21.o
Reset_Handler                                     build/SWITCHBOOT_FEATHER/startup_samd21.o
SERCOM0_Handler                                   build/SWITCHBOOT_FEATHER/startup_samd21.o
SERCOM1_Handler                                   build/SWITCHBOOT_FEATHER/startup_samd21.o
SERCOM2_Handler                                   build/SWITCHBOOT_FEATHER/startup_samd21.o
SERCOM3_Handler                                   build/SWITCHBOOT_FEATHER/startup_samd21.o
SERCOM4_Handler                                   build/SWITCHBOOT_FEATHER/startup_samd21.o
SERCOM5_Handler                                   build/SWITCHBOOT_FEATHER/startup_samd21.o
SVC_Handler                                       build/SWITCHBOOT_FEATHER/startup_samd21.o
SYSCTRL_Handler                                   build/SWITCHBOOT_FEATHER/startup_samd21.o
SysTick_Handler                                   build/SWITCHBOOT_FEATHER/init_samd21.o
TC3_Handler                                       build/SWITCHBOOT_FEATHER/startup_samd21.o
TC4_Handler                                       build/SWITCHBOOT_FEATHER/startup_samd21.o
TC5_Handler                                       build/SWITCHBOOT_FEATHER/startup_samd21.o
TCC0_Handler                                      build/SWITCHBOOT_FEATHER/startup_samd21.o
TCC1_Handler                                      build/SWITCHBOOT_FEATHER/startup_samd21.o
TCC2_Handler                                      build/SWITCHBOOT_FEATHER/startup_samd21.o
USB_Handler                                       build/SWITCHBOOT_FEATHER/startup_samd21.o
WDT_Handler                                       build/SWITCHBOOT_FEATHER/startup_samd21.o
_erelocate                                        build/SWITCHBOOT_FEATHER/startup_samd21.o
_estack                                           build/SWITCHBOOT_FEATHER/startup_samd21.o
_etext                                            build/SWITCHBOOT_FEATHER/startup_samd21.o
_ezero                                            build/SWITCHBOOT_FEATHER/startup_samd21.o
_sfixed                                           build/SWITCHBOOT_FEATHER/startup_samd21.o
_srelocate                                        build/SWITCHBOOT_FEATHER/startup_samd21.o
_szero                                            build/SWITCHBOOT_FEATHER/startup_samd21.o
add_crc                                           build/SWITCHBOOT_FEATHER/usart_sam_ba.o
                                                  build/SWITCHBOOT_FEATHER/selfmain.o
b_sharp_received                                  build/SWITCHBOOT_FEATHER/usart_sam_ba.o
bootloader                                        build/SWITCHBOOT_FEATHER/selfdata.o
                                                  build/SWITCHBOOT_FEATHER/selfmain.o
bootloader_crcs                                   build/SWITCHBOOT_FEATHER/selfdata.o
                                                  build/SWITCHBOOT_FEATHER/selfmain.o
buffer_rx_usart                                   build/SWITCHBOOT_FEATHER/usart_sam_ba.o
buffer_tx_usart                                   build/SWITCHBOOT_FEATHER/usart_sam_ba.o
copy_words                                        build/SWITCHBOOT_FEATHER/flash_samd21.o
delay                                             build/SWITCHBOOT_FEATHER/utils.o
                                                  build/SWITCHBOOT_FEATHER/selfmain.o
error_timeout                                     build/SWITCHBOOT_FEATHER/usart_sam_ba.o
exception_table                                   build/SWITCHBOOT_FEATHER/startup_samd21.o
flash_erase_row                                   build/SWITCHBOOT_FEATHER/flash_samd21.o
flash_erase_to_end                                build/SWITCHBOOT_FEATHER/flash_samd21.o
flash_write                                       build/SWITCHBOOT_FEATHER/flash_samd21.o
flash_write_row                                   build/SWITCHBOOT_FEATHER/flash_samd21.o
                                                  build/SWITCHBOOT_FEATHER/selfmain.o
flash_write_words                                 build/SWITCHBOOT_FEATHER/flash_samd21.o
                                                  build/SWITCHBOOT_FEATHER/selfmain.o
g_interrupt_enabled                               build/SWITCHBOOT_FEATHER/init_samd21.o
getPacket                                         build/SWITCHBOOT_FEATHER/usart_sam_ba.o
idx_rx_read                                       build/SWITCHBOOT_FEATHER/usart_sam_ba.o
idx_rx_write                                      build/SWITCHBOOT_FEATHER/usart_sam_ba.o
idx_tx_read                                       build/SWITCHBOOT_FEATHER/usart_sam_ba.o
idx_tx_write                                      build/SWITCHBOOT_FEATHER/usart_sam_ba.o
joycon_init                                       build/SWITCHBOOT_FEATHER/utils.o
led_init                                          build/SWITCHBOOT_FEATHER/utils.o
                                                  build/SWITCHBOOT_FEATHER/selfmain.o
led_signal                                        build/SWITCHBOOT_FEATHER/utils.o
led_tick                                          build/SWITCHBOOT_FEATHER/utils.o
                                                  build/SWITCHBOOT_FEATHER/init_samd21.o
led_tick_step                                     build/SWITCHBOOT_FEATHER/utils.o
main                                              build/SWITCHBOOT_FEATHER/selfmain.o
                                                  build/SWITCHBOOT_FEATHER/startup_samd21.o
memcpy                                            c:/program files (x86)/gnu tools arm embedded/7 2017-q4-major/bin/../lib/gcc/arm-none-eabi/7.2.1/../../../../arm-none-eabi/lib/thumb/v6-m\libg_nano.a(lib_a-memcpy-stub.o)
                                                  build/SWITCHBOOT_FEATHER/selfmain.o
mode_of_transfer                                  build/SWITCHBOOT_FEATHER/usart_sam_ba.o
pageBuf                                           build/SWITCHBOOT_FEATHER/selfmain.o
panic                                             build/SWITCHBOOT_FEATHER/utils.o
                                                  build/SWITCHBOOT_FEATHER/selfmain.o
resetHorizon                                      build/SWITCHBOOT_FEATHER/utils.o
resetIntoApp                                      build/SWITCHBOOT_FEATHER/utils.o
                                                  build/SWITCHBOOT_FEATHER/selfmain.o
resetIntoBootloader                               build/SWITCHBOOT_FEATHER/utils.o
                                                  build/SWITCHBOOT_FEATHER/selfmain.o
setBootProt                                       build/SWITCHBOOT_FEATHER/selfmain.o
size_of_data                                      build/SWITCHBOOT_FEATHER/usart_sam_ba.o
system_init                                       build/SWITCHBOOT_FEATHER/init_samd21.o
                                                  build/SWITCHBOOT_FEATHER/selfmain.o
timerHigh                                         build/SWITCHBOOT_FEATHER/utils.o
timerTick                                         build/SWITCHBOOT_FEATHER/utils.o
uart_basic_init                                   build/SWITCHBOOT_FEATHER/usart_sam_ba.o
uart_disable                                      build/SWITCHBOOT_FEATHER/usart_sam_ba.o
uart_get_sercom_index                             build/SWITCHBOOT_FEATHER/usart_sam_ba.o
uart_read_byte                                    build/SWITCHBOOT_FEATHER/usart_sam_ba.o
uart_write_byte                                   build/SWITCHBOOT_FEATHER/usart_sam_ba.o
usart_close                                       build/SWITCHBOOT_FEATHER/usart_sam_ba.o
usart_getc                                        build/SWITCHBOOT_FEATHER/usart_sam_ba.o
usart_getdata                                     build/SWITCHBOOT_FEATHER/usart_sam_ba.o
usart_getdata_xmd                                 build/SWITCHBOOT_FEATHER/usart_sam_ba.o
usart_is_rx_ready                                 build/SWITCHBOOT_FEATHER/usart_sam_ba.o
usart_open                                        build/SWITCHBOOT_FEATHER/usart_sam_ba.o
usart_putc                                        build/SWITCHBOOT_FEATHER/usart_sam_ba.o
usart_putdata                                     build/SWITCHBOOT_FEATHER/usart_sam_ba.o
usart_putdata_xmd                                 build/SWITCHBOOT_FEATHER/usart_sam_ba.o
usart_readc                                       build/SWITCHBOOT_FEATHER/usart_sam_ba.o
usart_sharp_received                              build/SWITCHBOOT_FEATHER/usart_sam_ba.o
writeNum                                          build/SWITCHBOOT_FEATHER/utils.o
